Archive member included to satisfy reference by file (symbol)

d:/subjects/mcu document/stm32cubeide_1.7.0/stm32cubeide/plugins/com.st.stm32cube.ide.mcu.externaltools.gnu-tools-for-stm32.10.3-2021.10.win32_1.0.100.202210260954/tools/bin/../lib/gcc/arm-none-eabi/10.3.1/../../../../arm-none-eabi/lib/thumb/v7-m/nofp\libc_nano.a(lib_a-errno.o)
                              ./Core/Src/syscalls.o (__errno)
d:/subjects/mcu document/stm32cubeide_1.7.0/stm32cubeide/plugins/com.st.stm32cube.ide.mcu.externaltools.gnu-tools-for-stm32.10.3-2021.10.win32_1.0.100.202210260954/tools/bin/../lib/gcc/arm-none-eabi/10.3.1/../../../../arm-none-eabi/lib/thumb/v7-m/nofp\libc_nano.a(lib_a-exit.o)
                              d:/subjects/mcu document/stm32cubeide_1.7.0/stm32cubeide/plugins/com.st.stm32cube.ide.mcu.externaltools.gnu-tools-for-stm32.10.3-2021.10.win32_1.0.100.202210260954/tools/bin/../lib/gcc/arm-none-eabi/10.3.1/../../../../arm-none-eabi/lib/thumb/v7-m/nofp/crt0.o (exit)
d:/subjects/mcu document/stm32cubeide_1.7.0/stm32cubeide/plugins/com.st.stm32cube.ide.mcu.externaltools.gnu-tools-for-stm32.10.3-2021.10.win32_1.0.100.202210260954/tools/bin/../lib/gcc/arm-none-eabi/10.3.1/../../../../arm-none-eabi/lib/thumb/v7-m/nofp\libc_nano.a(lib_a-impure.o)
                              d:/subjects/mcu document/stm32cubeide_1.7.0/stm32cubeide/plugins/com.st.stm32cube.ide.mcu.externaltools.gnu-tools-for-stm32.10.3-2021.10.win32_1.0.100.202210260954/tools/bin/../lib/gcc/arm-none-eabi/10.3.1/../../../../arm-none-eabi/lib/thumb/v7-m/nofp\libc_nano.a(lib_a-exit.o) (_global_impure_ptr)
d:/subjects/mcu document/stm32cubeide_1.7.0/stm32cubeide/plugins/com.st.stm32cube.ide.mcu.externaltools.gnu-tools-for-stm32.10.3-2021.10.win32_1.0.100.202210260954/tools/bin/../lib/gcc/arm-none-eabi/10.3.1/../../../../arm-none-eabi/lib/thumb/v7-m/nofp\libc_nano.a(lib_a-init.o)
                              d:/subjects/mcu document/stm32cubeide_1.7.0/stm32cubeide/plugins/com.st.stm32cube.ide.mcu.externaltools.gnu-tools-for-stm32.10.3-2021.10.win32_1.0.100.202210260954/tools/bin/../lib/gcc/arm-none-eabi/10.3.1/../../../../arm-none-eabi/lib/thumb/v7-m/nofp/crt0.o (__libc_init_array)
d:/subjects/mcu document/stm32cubeide_1.7.0/stm32cubeide/plugins/com.st.stm32cube.ide.mcu.externaltools.gnu-tools-for-stm32.10.3-2021.10.win32_1.0.100.202210260954/tools/bin/../lib/gcc/arm-none-eabi/10.3.1/../../../../arm-none-eabi/lib/thumb/v7-m/nofp\libc_nano.a(lib_a-memset.o)
                              d:/subjects/mcu document/stm32cubeide_1.7.0/stm32cubeide/plugins/com.st.stm32cube.ide.mcu.externaltools.gnu-tools-for-stm32.10.3-2021.10.win32_1.0.100.202210260954/tools/bin/../lib/gcc/arm-none-eabi/10.3.1/../../../../arm-none-eabi/lib/thumb/v7-m/nofp/crt0.o (memset)
d:/subjects/mcu document/stm32cubeide_1.7.0/stm32cubeide/plugins/com.st.stm32cube.ide.mcu.externaltools.gnu-tools-for-stm32.10.3-2021.10.win32_1.0.100.202210260954/tools/bin/../lib/gcc/arm-none-eabi/10.3.1/../../../../arm-none-eabi/lib/thumb/v7-m/nofp\libc_nano.a(lib_a-sprintf.o)
                              ./Core/Src/global.o (sprintf)
d:/subjects/mcu document/stm32cubeide_1.7.0/stm32cubeide/plugins/com.st.stm32cube.ide.mcu.externaltools.gnu-tools-for-stm32.10.3-2021.10.win32_1.0.100.202210260954/tools/bin/../lib/gcc/arm-none-eabi/10.3.1/../../../../arm-none-eabi/lib/thumb/v7-m/nofp\libc_nano.a(lib_a-strlen.o)
                              ./Core/Src/global.o (strlen)
d:/subjects/mcu document/stm32cubeide_1.7.0/stm32cubeide/plugins/com.st.stm32cube.ide.mcu.externaltools.gnu-tools-for-stm32.10.3-2021.10.win32_1.0.100.202210260954/tools/bin/../lib/gcc/arm-none-eabi/10.3.1/../../../../arm-none-eabi/lib/thumb/v7-m/nofp\libc_nano.a(lib_a-nano-svfprintf.o)
                              d:/subjects/mcu document/stm32cubeide_1.7.0/stm32cubeide/plugins/com.st.stm32cube.ide.mcu.externaltools.gnu-tools-for-stm32.10.3-2021.10.win32_1.0.100.202210260954/tools/bin/../lib/gcc/arm-none-eabi/10.3.1/../../../../arm-none-eabi/lib/thumb/v7-m/nofp\libc_nano.a(lib_a-sprintf.o) (_svfprintf_r)
d:/subjects/mcu document/stm32cubeide_1.7.0/stm32cubeide/plugins/com.st.stm32cube.ide.mcu.externaltools.gnu-tools-for-stm32.10.3-2021.10.win32_1.0.100.202210260954/tools/bin/../lib/gcc/arm-none-eabi/10.3.1/../../../../arm-none-eabi/lib/thumb/v7-m/nofp\libc_nano.a(lib_a-nano-vfprintf_i.o)
                              d:/subjects/mcu document/stm32cubeide_1.7.0/stm32cubeide/plugins/com.st.stm32cube.ide.mcu.externaltools.gnu-tools-for-stm32.10.3-2021.10.win32_1.0.100.202210260954/tools/bin/../lib/gcc/arm-none-eabi/10.3.1/../../../../arm-none-eabi/lib/thumb/v7-m/nofp\libc_nano.a(lib_a-nano-svfprintf.o) (_printf_i)
d:/subjects/mcu document/stm32cubeide_1.7.0/stm32cubeide/plugins/com.st.stm32cube.ide.mcu.externaltools.gnu-tools-for-stm32.10.3-2021.10.win32_1.0.100.202210260954/tools/bin/../lib/gcc/arm-none-eabi/10.3.1/../../../../arm-none-eabi/lib/thumb/v7-m/nofp\libc_nano.a(lib_a-memchr-stub.o)
[...]
Memory Configuration

Name             Origin             Length             Attributes
RAM              0x0000000020000000 0x0000000000005000 xrw
FLASH            0x0000000008000000 0x0000000000020000 xr
*default*        0x0000000000000000 0xffffffffffffffff

Linker script and memory map

LOAD d:/subjects/mcu document/stm32cubeide_1.7.0/stm32cubeide/plugins/com.st.stm32cube.ide.mcu.externaltools.gnu-tools-for-stm32.10.3-2021.10.win32_1.0.100.202210260954/tools/bin/../lib/gcc/arm-none-eabi/10.3.1/thumb/v7-m/nofp/crti.o
LOAD d:/subjects/mcu document/stm32cubeide_1.7.0/stm32cubeide/plugins/com.st.stm32cube.ide.mcu.externaltools.gnu-tools-for-stm32.10.3-2021.10.win32_1.0.100.202210260954/tools/bin/../lib/gcc/arm-none-eabi/10.3.1/thumb/v7-m/nofp/crtbegin.o
LOAD d:/subjects/mcu document/stm32cubeide_1.7.0/stm32cubeide/plugins/com.st.stm32cube.ide.mcu.externaltools.gnu-tools-for-stm32.10.3-2021.10.win32_1.0.100.202210260954/tools/bin/../lib/gcc/arm-none-eabi/10.3.1/../../../../arm-none-eabi/lib/thumb/v7-m/nofp/crt0.o
LOAD ./Core/Src/TrafficLight.o
LOAD ./Core/Src/fsm_automatic.o
LOAD ./Core/Src/fsm_manual.o
LOAD ./Core/Src/global.o
LOAD ./Core/Src/input_reading.o
LOAD ./Core/Src/main.o
LOAD ./Core/Src/pedestrian.o
LOAD ./Core/Src/stm32f1xx_hal_msp.o
LOAD ./Core/Src/stm32f1xx_it.o
LOAD ./Core/Src/syscalls.o
LOAD ./Core/Src/sysmem.o
LOAD ./Core/Src/system_stm32f1xx.o
LOAD ./Core/Src/timer.o
LOAD ./Core/Startup/startup_stm32f103rbtx.o
LOAD ./Drivers/STM32F1xx_HAL_Driver/Src/stm32f1xx_hal.o
LOAD ./Drivers/STM32F1xx_HAL_Driver/Src/stm32f1xx_hal_cortex.o
LOAD ./Drivers/STM32F1xx_HAL_Driver/Src/stm32f1xx_hal_dma.o
LOAD ./Drivers/STM32F1xx_HAL_Driver/Src/stm32f1xx_hal_exti.o
LOAD ./Drivers/STM32F1xx_HAL_Driver/Src/stm32f1xx_hal_flash.o
LOAD ./Drivers/STM32F1xx_HAL_Driver/Src/stm32f1xx_hal_flash_ex.o
LOAD ./Drivers/STM32F1xx_HAL_Driver/Src/stm32f1xx_hal_gpio.o
LOAD ./Drivers/STM32F1xx_HAL_Driver/Src/stm32f1xx_hal_gpio_ex.o
LOAD ./Drivers/STM32F1xx_HAL_Driver/Src/stm32f1xx_hal_pwr.o
LOAD ./Drivers/STM32F1xx_HAL_Driver/Src/stm32f1xx_hal_rcc.o
LOAD ./Drivers/STM32F1xx_HAL_Driver/Src/stm32f1xx_hal_rcc_ex.o
LOAD ./Drivers/STM32F1xx_HAL_Driver/Src/stm32f1xx_hal_tim.o
LOAD ./Drivers/STM32F1xx_HAL_Driver/Src/stm32f1xx_hal_tim_ex.o
LOAD ./Drivers/STM32F1xx_HAL_Driver/Src/stm32f1xx_hal_uart.o
START GROUP
LOAD d:/subjects/mcu document/stm32cubeide_1.7.0/stm32cubeide/plugins/com.st.stm32cube.ide.mcu.externaltools.gnu-tools-for-stm32.10.3-2021.10.win32_1.0.100.202210260954/tools/bin/../lib/gcc/arm-none-eabi/10.3.1/../../../../arm-none-eabi/lib/thumb/v7-m/nofp\libc_nano.a
LOAD d:/subjects/mcu document/stm32cubeide_1.7.0/stm32cubeide/plugins/com.st.stm32cube.ide.mcu.externaltools.gnu-tools-for-stm32.10.3-2021.10.win32_1.0.100.202210260954/tools/bin/../lib/gcc/arm-none-eabi/10.3.1/../../../../arm-none-eabi/lib/thumb/v7-m/nofp\libm.a
END GROUP
START GROUP
LOAD d:/subjects/mcu document/stm32cubeide_1.7.0/stm32cubeide/plugins/com.st.stm32cube.ide.mcu.externaltools.gnu-tools-for-stm32.10.3-2021.10.win32_1.0.100.202210260954/tools/bin/../lib/gcc/arm-none-eabi/10.3.1/thumb/v7-m/nofp\libgcc.a
LOAD d:/subjects/mcu document/stm32cubeide_1.7.0/stm32cubeide/plugins/com.st.stm32cube.ide.mcu.externaltools.gnu-tools-for-stm32.10.3-2021.10.win32_1.0.100.202210260954/tools/bin/../lib/gcc/arm-none-eabi/10.3.1/../../../../arm-none-eabi/lib/thumb/v7-m/nofp\libc_nano.a
END GROUP
START GROUP
LOAD d:/subjects/mcu document/stm32cubeide_1.7.0/stm32cubeide/plugins/com.st.stm32cube.ide.mcu.externaltools.gnu-tools-for-stm32.10.3-2021.10.win32_1.0.100.202210260954/tools/bin/../lib/gcc/arm-none-eabi/10.3.1/thumb/v7-m/nofp\libgcc.a
LOAD d:/subjects/mcu document/stm32cubeide_1.7.0/stm32cubeide/plugins/com.st.stm32cube.ide.mcu.externaltools.gnu-tools-for-stm32.10.3-2021.10.win32_1.0.100.202210260954/tools/bin/../lib/gcc/arm-none-eabi/10.3.1/../../../../arm-none-eabi/lib/thumb/v7-m/nofp\libc_nano.a
LOAD d:/subjects/mcu document/stm32cubeide_1.7.0/stm32cubeide/plugins/com.st.stm32cube.ide.mcu.externaltools.gnu-tools-for-stm32.10.3-2021.10.win32_1.0.100.202210260954/tools/bin/../lib/gcc/arm-none-eabi/10.3.1/../../../../arm-none-eabi/lib/thumb/v7-m/nofp\libnosys.a
END GROUP
START GROUP
LOAD d:/subjects/mcu document/stm32cubeide_1.7.0/stm32cubeide/plugins/com.st.stm32cube.ide.mcu.externaltools.gnu-tools-for-stm32.10.3-2021.10.win32_1.0.100.202210260954/tools/bin/../lib/gcc/arm-none-eabi/10.3.1/thumb/v7-m/nofp\libgcc.a
LOAD d:/subjects/mcu document/stm32cubeide_1.7.0/stm32cubeide/plugins/com.st.stm32cube.ide.mcu.externaltools.gnu-tools-for-stm32.10.3-2021.10.win32_1.0.100.202210260954/tools/bin/../lib/gcc/arm-none-eabi/10.3.1/../../../../arm-none-eabi/lib/thumb/v7-m/nofp\libc_nano.a
LOAD d:/subjects/mcu document/stm32cubeide_1.7.0/stm32cubeide/plugins/com.st.stm32cube.ide.mcu.externaltools.gnu-tools-for-stm32.10.3-2021.10.win32_1.0.100.202210260954/tools/bin/../lib/gcc/arm-none-eabi/10.3.1/../../../../arm-none-eabi/lib/thumb/v7-m/nofp\libnosys.a
END GROUP
LOAD d:/subjects/mcu document/stm32cubeide_1.7.0/stm32cubeide/plugins/com.st.stm32cube.ide.mcu.externaltools.gnu-tools-for-stm32.10.3-2021.10.win32_1.0.100.202210260954/tools/bin/../lib/gcc/arm-none-eabi/10.3.1/thumb/v7-m/nofp/crtend.o
LOAD d:/subjects/mcu document/stm32cubeide_1.7.0/stm32cubeide/plugins/com.st.stm32cube.ide.mcu.externaltools.gnu-tools-for-stm32.10.3-2021.10.win32_1.0.100.202210260954/tools/bin/../lib/gcc/arm-none-eabi/10.3.1/thumb/v7-m/nofp/crtn.o
                0x0000000020005000                _estack = (ORIGIN (RAM) + LENGTH (RAM))
                0x0000000000000200                _Min_Heap_Size = 0x200
                0x0000000000000400                _Min_Stack_Size = 0x400

.isr_vector     0x0000000008000000      0x10c
                0x0000000008000000                . = ALIGN (0x4)
 *(.isr_vector)
 .isr_vector    0x0000000008000000      0x10c ./Core/Startup/startup_stm32f103rbtx.o
                0x0000000008000000                g_pfnVectors
                0x000000000800010c                . = ALIGN (0x4)

.text           0x000000000800010c     0x44b4
                0x000000000800010c                . = ALIGN (0x4)
 *(.text)
 .text          0x000000000800010c       0x40 d:/subjects/mcu document/stm32cubeide_1.7.0/stm32cubeide/plugins/com.st.stm32cube.ide.mcu.externaltools.gnu-tools-for-stm32.10.3-2021.10.win32_1.0.100.202210260954/tools/bin/../lib/gcc/arm-none-eabi/10.3.1/thumb/v7-m/nofp/crtbegin.o
 .text          0x000000000800014c       0x10 d:/subjects/mcu document/stm32cubeide_1.7.0/stm32cubeide/plugins/com.st.stm32cube.ide.mcu.externaltools.gnu-tools-for-stm32.10.3-2021.10.win32_1.0.100.202210260954/tools/bin/../lib/gcc/arm-none-eabi/10.3.1/../../../../arm-none-eabi/lib/thumb/v7-m/nofp\libc_nano.a(lib_a-strlen.o)
                0x000000000800014c                strlen
 *(.text*)
 .text.setGreenLed1
                0x000000000800015c       0x28 ./Core/Src/TrafficLight.o
                0x000000000800015c                setGreenLed1
 .text.setYellowLed1
                0x0000000008000184       0x28 ./Core/Src/TrafficLight.o
                0x0000000008000184                setYellowLed1
 .text.setRedLed1
                0x00000000080001ac       0x28 ./Core/Src/TrafficLight.o
                0x00000000080001ac                setRedLed1
 .text.setGreenLed2
                0x00000000080001d4       0x20 ./Core/Src/TrafficLight.o
                0x00000000080001d4                setGreenLed2
 .text.setYellowLed2
                0x00000000080001f4       0x20 ./Core/Src/TrafficLight.o
                0x00000000080001f4                setYellowLed2
 .text.setRedLed2
                0x0000000008000214       0x20 ./Core/Src/TrafficLight.o
                0x0000000008000214                setRedLed2
 .text.clearAllLed
                0x0000000008000234       0x3c ./Core/Src/TrafficLight.o
                0x0000000008000234                clearAllLed
 .text.toggleRed1
                0x0000000008000270       0x24 ./Core/Src/TrafficLight.o
                0x0000000008000270                toggleRed1
 .text.toggleYellow1
                0x0000000008000294       0x24 ./Core/Src/TrafficLight.o
                0x0000000008000294                toggleYellow1
 .text.toggleGreen1
                0x00000000080002b8       0x24 ./Core/Src/TrafficLight.o
                0x00000000080002b8                toggleGreen1
 .text.toggleRed2
                0x00000000080002dc       0x24 ./Core/Src/TrafficLight.o
                0x00000000080002dc                toggleRed2
 .text.toggleYellow2
                0x0000000008000300       0x24 ./Core/Src/TrafficLight.o
                0x0000000008000300                toggleYellow2
 .text.toggleGreen2
                0x0000000008000324       0x24 ./Core/Src/TrafficLight.o
                0x0000000008000324                toggleGreen2
 .text.fsm1_automatic_run
                0x0000000008000348      0x29c ./Core/Src/fsm_automatic.o
                0x0000000008000348                fsm1_automatic_run
 .text.fsm2_automatic_run
                0x00000000080005e4      0x170 ./Core/Src/fsm_automatic.o
                0x00000000080005e4                fsm2_automatic_run
 .text.fsm_modify_timer_control
                0x0000000008000754      0x6dc ./Core/Src/fsm_manual.o
                0x0000000008000754                fsm_modify_timer_control
 .text.writeMess
                0x0000000008000e30       0x40 ./Core/Src/global.o
                0x0000000008000e30                writeMess
 .text.button_reading
                0x0000000008000e70      0x168 ./Core/Src/input_reading.o
                0x0000000008000e70                button_reading
 .text.isButtonPressed
                0x0000000008000fd8       0x40 ./Core/Src/input_reading.o
                0x0000000008000fd8                isButtonPressed
 .text.isButtonPressed1s
                0x0000000008001018       0x48 ./Core/Src/input_reading.o
                0x0000000008001018                isButtonPressed1s
 .text.main     0x0000000008001060       0x4c ./Core/Src/main.o
                0x0000000008001060                main
 .text.SystemClock_Config
                0x00000000080010ac       0x82 ./Core/Src/main.o
                0x00000000080010ac                SystemClock_Config
 *fill*         0x000000000800112e        0x2 
 .text.MX_TIM2_Init
                0x0000000008001130       0x98 ./Core/Src/main.o
 .text.MX_TIM3_Init
                0x00000000080011c8       0xec ./Core/Src/main.o
 .text.MX_USART2_UART_Init
                0x00000000080012b4       0x54 ./Core/Src/main.o
 .text.MX_GPIO_Init
                0x0000000008001308       0xdc ./Core/Src/main.o
 .text.HAL_TIM_PeriodElapsedCallback
                0x00000000080013e4       0x18 ./Core/Src/main.o
                0x00000000080013e4                HAL_TIM_PeriodElapsedCallback
 .text.Error_Handler
                0x00000000080013fc        0xa ./Core/Src/main.o
                0x00000000080013fc                Error_Handler
 *fill*         0x0000000008001406        0x2 
 .text.fsm_pedestrian
                0x0000000008001408      0x1ac ./Core/Src/pedestrian.o
                0x0000000008001408                fsm_pedestrian
 .text.HAL_MspInit
                0x00000000080015b4       0x64 ./Core/Src/stm32f1xx_hal_msp.o
                0x00000000080015b4                HAL_MspInit
 .text.HAL_TIM_Base_MspInit
                0x0000000008001618       0x70 ./Core/Src/stm32f1xx_hal_msp.o
                0x0000000008001618                HAL_TIM_Base_MspInit
 .text.HAL_TIM_MspPostInit
                0x0000000008001688       0x64 ./Core/Src/stm32f1xx_hal_msp.o
                0x0000000008001688                HAL_TIM_MspPostInit
 .text.HAL_UART_MspInit
                0x00000000080016ec       0x94 ./Core/Src/stm32f1xx_hal_msp.o
                0x00000000080016ec                HAL_UART_MspInit
 .text.NMI_Handler
                0x0000000008001780        0x6 ./Core/Src/stm32f1xx_it.o
                0x0000000008001780                NMI_Handler
 .text.HardFault_Handler
                0x0000000008001786        0x6 ./Core/Src/stm32f1xx_it.o
                0x0000000008001786                HardFault_Handler
 .text.MemManage_Handler
                0x000000000800178c        0x6 ./Core/Src/stm32f1xx_it.o
                0x000000000800178c                MemManage_Handler
 .text.BusFault_Handler
                0x0000000008001792        0x6 ./Core/Src/stm32f1xx_it.o
                0x0000000008001792                BusFault_Handler
 .text.UsageFault_Handler
                0x0000000008001798        0x6 ./Core/Src/stm32f1xx_it.o
                0x0000000008001798                UsageFault_Handler
 .text.SVC_Handler
                0x000000000800179e        0xc ./Core/Src/stm32f1xx_it.o
                0x000000000800179e                SVC_Handler
 .text.DebugMon_Handler
                0x00000000080017aa        0xc ./Core/Src/stm32f1xx_it.o
                0x00000000080017aa                DebugMon_Handler
 .text.PendSV_Handler
                0x00000000080017b6        0xc ./Core/Src/stm32f1xx_it.o
                0x00000000080017b6                PendSV_Handler
 .text.SysTick_Handler
                0x00000000080017c2        0xc ./Core/Src/stm32f1xx_it.o
                0x00000000080017c2                SysTick_Handler
 *fill*         0x00000000080017ce        0x2 
 .text.TIM2_IRQHandler
                0x00000000080017d0       0x14 ./Core/Src/stm32f1xx_it.o
                0x00000000080017d0                TIM2_IRQHandler
 .text._sbrk    0x00000000080017e4       0x6c ./Core/Src/sysmem.o
                0x00000000080017e4                _sbrk
 .text.SystemInit
                0x0000000008001850        0xc ./Core/Src/system_stm32f1xx.o
                0x0000000008001850                SystemInit
 .text.setTimer1
                0x000000000800185c       0x28 ./Core/Src/timer.o
                0x000000000800185c                setTimer1
 .text.setTimer2
                0x0000000008001884       0x28 ./Core/Src/timer.o
                0x0000000008001884                setTimer2
 .text.setTimer3
                0x00000000080018ac       0x28 ./Core/Src/timer.o
                0x00000000080018ac                setTimer3
 .text.setTimer5
                0x00000000080018d4       0x28 ./Core/Src/timer.o
                0x00000000080018d4                setTimer5
 .text.setTimer6
                0x00000000080018fc       0x28 ./Core/Src/timer.o
                0x00000000080018fc                setTimer6
 .text.clearTimer1
                0x0000000008001924       0x20 ./Core/Src/timer.o
                0x0000000008001924                clearTimer1
 .text.clearTimer2
                0x0000000008001944       0x20 ./Core/Src/timer.o
                0x0000000008001944                clearTimer2
 .text.clearTimer3
                0x0000000008001964       0x20 ./Core/Src/timer.o
                0x0000000008001964                clearTimer3
 .text.timerRun
                0x0000000008001984      0x124 ./Core/Src/timer.o
                0x0000000008001984                timerRun
 .text.isTimer1Expired
                0x0000000008001aa8       0x24 ./Core/Src/timer.o
                0x0000000008001aa8                isTimer1Expired
 .text.isTimer2Expired
                0x0000000008001acc       0x24 ./Core/Src/timer.o
                0x0000000008001acc                isTimer2Expired
 .text.isTimer3Expired
                0x0000000008001af0       0x24 ./Core/Src/timer.o
                0x0000000008001af0                isTimer3Expired
 .text.isTimer5Expired
                0x0000000008001b14       0x24 ./Core/Src/timer.o
                0x0000000008001b14                isTimer5Expired
 .text.isTimer6Expired
                0x0000000008001b38       0x24 ./Core/Src/timer.o
                0x0000000008001b38                isTimer6Expired
 .text.Reset_Handler
                0x0000000008001b5c       0x48 ./Core/Startup/startup_stm32f103rbtx.o
                0x0000000008001b5c                Reset_Handler
 .text.Default_Handler
                0x0000000008001ba4        0x2 ./Core/Startup/startup_stm32f103rbtx.o
                0x0000000008001ba4                RTC_Alarm_IRQHandler
                0x0000000008001ba4                EXTI2_IRQHandler
                0x0000000008001ba4                TIM1_CC_IRQHandler
                0x0000000008001ba4                PVD_IRQHandler
                0x0000000008001ba4                EXTI3_IRQHandler
                0x0000000008001ba4                EXTI0_IRQHandler
                0x0000000008001ba4                I2C2_EV_IRQHandler
                0x0000000008001ba4                ADC1_2_IRQHandler
                0x0000000008001ba4                SPI1_IRQHandler
                0x0000000008001ba4                TAMPER_IRQHandler
                0x0000000008001ba4                DMA1_Channel4_IRQHandler
                0x0000000008001ba4                USART3_IRQHandler
                0x0000000008001ba4                RTC_IRQHandler
                0x0000000008001ba4                DMA1_Channel7_IRQHandler
                0x0000000008001ba4                CAN1_RX1_IRQHandler
                0x0000000008001ba4                TIM4_IRQHandler
                0x0000000008001ba4                I2C1_EV_IRQHandler
                0x0000000008001ba4                DMA1_Channel6_IRQHandler
                0x0000000008001ba4                TIM3_IRQHandler
                0x0000000008001ba4                RCC_IRQHandler
                0x0000000008001ba4                TIM1_TRG_COM_IRQHandler
                0x0000000008001ba4                DMA1_Channel1_IRQHandler
                0x0000000008001ba4                Default_Handler
                0x0000000008001ba4                EXTI15_10_IRQHandler
                0x0000000008001ba4                EXTI9_5_IRQHandler
                0x0000000008001ba4                SPI2_IRQHandler
                0x0000000008001ba4                DMA1_Channel5_IRQHandler
                0x0000000008001ba4                EXTI4_IRQHandler
                0x0000000008001ba4                USB_LP_CAN1_RX0_IRQHandler
                0x0000000008001ba4                USB_HP_CAN1_TX_IRQHandler
                0x0000000008001ba4                DMA1_Channel3_IRQHandler
                0x0000000008001ba4                TIM1_UP_IRQHandler
                0x0000000008001ba4                WWDG_IRQHandler
                0x0000000008001ba4                TIM1_BRK_IRQHandler
                0x0000000008001ba4                EXTI1_IRQHandler
                0x0000000008001ba4                USART2_IRQHandler
                0x0000000008001ba4                I2C2_ER_IRQHandler
                0x0000000008001ba4                DMA1_Channel2_IRQHandler
                0x0000000008001ba4                CAN1_SCE_IRQHandler
                0x0000000008001ba4                FLASH_IRQHandler
                0x0000000008001ba4                USART1_IRQHandler
                0x0000000008001ba4                I2C1_ER_IRQHandler
                0x0000000008001ba4                USBWakeUp_IRQHandler
 *fill*         0x0000000008001ba6        0x2 
 .text.HAL_Init
                0x0000000008001ba8       0x2c ./Drivers/STM32F1xx_HAL_Driver/Src/stm32f1xx_hal.o
                0x0000000008001ba8                HAL_Init
 .text.HAL_InitTick
                0x0000000008001bd4       0x60 ./Drivers/STM32F1xx_HAL_Driver/Src/stm32f1xx_hal.o
                0x0000000008001bd4                HAL_InitTick
 .text.HAL_IncTick
                0x0000000008001c34       0x24 ./Drivers/STM32F1xx_HAL_Driver/Src/stm32f1xx_hal.o
                0x0000000008001c34                HAL_IncTick
 .text.HAL_GetTick
                0x0000000008001c58       0x14 ./Drivers/STM32F1xx_HAL_Driver/Src/stm32f1xx_hal.o
                0x0000000008001c58                HAL_GetTick
 .text.__NVIC_SetPriorityGrouping
                0x0000000008001c6c       0x48 ./Drivers/STM32F1xx_HAL_Driver/Src/stm32f1xx_hal_cortex.o
 .text.__NVIC_GetPriorityGrouping
                0x0000000008001cb4       0x1c ./Drivers/STM32F1xx_HAL_Driver/Src/stm32f1xx_hal_cortex.o
 .text.__NVIC_EnableIRQ
                0x0000000008001cd0       0x38 ./Drivers/STM32F1xx_HAL_Driver/Src/stm32f1xx_hal_cortex.o
 .text.__NVIC_SetPriority
                0x0000000008001d08       0x54 ./Drivers/STM32F1xx_HAL_Driver/Src/stm32f1xx_hal_cortex.o
 .text.NVIC_EncodePriority
                0x0000000008001d5c       0x64 ./Drivers/STM32F1xx_HAL_Driver/Src/stm32f1xx_hal_cortex.o
 .text.SysTick_Config
                0x0000000008001dc0       0x44 ./Drivers/STM32F1xx_HAL_Driver/Src/stm32f1xx_hal_cortex.o
 .text.HAL_NVIC_SetPriorityGrouping
                0x0000000008001e04       0x16 ./Drivers/STM32F1xx_HAL_Driver/Src/stm32f1xx_hal_cortex.o
                0x0000000008001e04                HAL_NVIC_SetPriorityGrouping
 .text.HAL_NVIC_SetPriority
                0x0000000008001e1a       0x38 ./Drivers/STM32F1xx_HAL_Driver/Src/stm32f1xx_hal_cortex.o
                0x0000000008001e1a                HAL_NVIC_SetPriority
 .text.HAL_NVIC_EnableIRQ
                0x0000000008001e52       0x1c ./Drivers/STM32F1xx_HAL_Driver/Src/stm32f1xx_hal_cortex.o
                0x0000000008001e52                HAL_NVIC_EnableIRQ
 .text.HAL_SYSTICK_Config
                0x0000000008001e6e       0x18 ./Drivers/STM32F1xx_HAL_Driver/Src/stm32f1xx_hal_cortex.o
                0x0000000008001e6e                HAL_SYSTICK_Config
 *fill*         0x0000000008001e86        0x2 
 .text.HAL_GPIO_Init
                0x0000000008001e88      0x308 ./Drivers/STM32F1xx_HAL_Driver/Src/stm32f1xx_hal_gpio.o
                0x0000000008001e88                HAL_GPIO_Init
 .text.HAL_GPIO_ReadPin
                0x0000000008002190       0x2e ./Drivers/STM32F1xx_HAL_Driver/Src/stm32f1xx_hal_gpio.o
                0x0000000008002190                HAL_GPIO_ReadPin
 .text.HAL_GPIO_WritePin
                0x00000000080021be       0x30 ./Drivers/STM32F1xx_HAL_Driver/Src/stm32f1xx_hal_gpio.o
                0x00000000080021be                HAL_GPIO_WritePin
 *fill*         0x00000000080021ee        0x2 
 .text.HAL_RCC_OscConfig
                0x00000000080021f0      0x504 ./Drivers/STM32F1xx_HAL_Driver/Src/stm32f1xx_hal_rcc.o
                0x00000000080021f0                HAL_RCC_OscConfig
 .text.HAL_RCC_ClockConfig
                0x00000000080026f4      0x1d4 ./Drivers/STM32F1xx_HAL_Driver/Src/stm32f1xx_hal_rcc.o
                0x00000000080026f4                HAL_RCC_ClockConfig
 .text.HAL_RCC_GetSysClockFreq
                0x00000000080028c8       0xbc ./Drivers/STM32F1xx_HAL_Driver/Src/stm32f1xx_hal_rcc.o
                0x00000000080028c8                HAL_RCC_GetSysClockFreq
 .text.HAL_RCC_GetHCLKFreq
                0x0000000008002984       0x14 ./Drivers/STM32F1xx_HAL_Driver/Src/stm32f1xx_hal_rcc.o
                0x0000000008002984                HAL_RCC_GetHCLKFreq
 .text.HAL_RCC_GetPCLK1Freq
                0x0000000008002998       0x28 ./Drivers/STM32F1xx_HAL_Driver/Src/stm32f1xx_hal_rcc.o
                0x0000000008002998                HAL_RCC_GetPCLK1Freq
 .text.HAL_RCC_GetPCLK2Freq
                0x00000000080029c0       0x28 ./Drivers/STM32F1xx_HAL_Driver/Src/stm32f1xx_hal_rcc.o
                0x00000000080029c0                HAL_RCC_GetPCLK2Freq
 .text.RCC_Delay
                0x00000000080029e8       0x3c ./Drivers/STM32F1xx_HAL_Driver/Src/stm32f1xx_hal_rcc.o
 .text.HAL_TIM_Base_Init
                0x0000000008002a24       0x9e ./Drivers/STM32F1xx_HAL_Driver/Src/stm32f1xx_hal_tim.o
                0x0000000008002a24                HAL_TIM_Base_Init
 *fill*         0x0000000008002ac2        0x2 
 .text.HAL_TIM_Base_Start_IT
                0x0000000008002ac4       0xa4 ./Drivers/STM32F1xx_HAL_Driver/Src/stm32f1xx_hal_tim.o
                0x0000000008002ac4                HAL_TIM_Base_Start_IT
 .text.HAL_TIM_PWM_Init
                0x0000000008002b68       0x9e ./Drivers/STM32F1xx_HAL_Driver/Src/stm32f1xx_hal_tim.o
                0x0000000008002b68                HAL_TIM_PWM_Init
 .text.HAL_TIM_PWM_MspInit
                0x0000000008002c06       0x12 ./Drivers/STM32F1xx_HAL_Driver/Src/stm32f1xx_hal_tim.o
                0x0000000008002c06                HAL_TIM_PWM_MspInit
 .text.HAL_TIM_PWM_Start
                0x0000000008002c18      0x144 ./Drivers/STM32F1xx_HAL_Driver/Src/stm32f1xx_hal_tim.o
                0x0000000008002c18                HAL_TIM_PWM_Start
 .text.HAL_TIM_IRQHandler
                0x0000000008002d5c      0x210 ./Drivers/STM32F1xx_HAL_Driver/Src/stm32f1xx_hal_tim.o
                0x0000000008002d5c                HAL_TIM_IRQHandler
 .text.HAL_TIM_PWM_ConfigChannel
                0x0000000008002f6c      0x17c ./Drivers/STM32F1xx_HAL_Driver/Src/stm32f1xx_hal_tim.o
                0x0000000008002f6c                HAL_TIM_PWM_ConfigChannel
 .text.HAL_TIM_ConfigClockSource
                0x00000000080030e8      0x188 ./Drivers/STM32F1xx_HAL_Driver/Src/stm32f1xx_hal_tim.o
                0x00000000080030e8                HAL_TIM_ConfigClockSource
 .text.HAL_TIM_OC_DelayElapsedCallback
                0x0000000008003270       0x12 ./Drivers/STM32F1xx_HAL_Driver/Src/stm32f1xx_hal_tim.o
                0x0000000008003270                HAL_TIM_OC_DelayElapsedCallback
 .text.HAL_TIM_IC_CaptureCallback
                0x0000000008003282       0x12 ./Drivers/STM32F1xx_HAL_Driver/Src/stm32f1xx_hal_tim.o
                0x0000000008003282                HAL_TIM_IC_CaptureCallback
 .text.HAL_TIM_PWM_PulseFinishedCallback
                0x0000000008003294       0x12 ./Drivers/STM32F1xx_HAL_Driver/Src/stm32f1xx_hal_tim.o
                0x0000000008003294                HAL_TIM_PWM_PulseFinishedCallback
 .text.HAL_TIM_TriggerCallback
                0x00000000080032a6       0x12 ./Drivers/STM32F1xx_HAL_Driver/Src/stm32f1xx_hal_tim.o
                0x00000000080032a6                HAL_TIM_TriggerCallback
 .text.TIM_Base_SetConfig
                0x00000000080032b8       0xc4 ./Drivers/STM32F1xx_HAL_Driver/Src/stm32f1xx_hal_tim.o
                0x00000000080032b8                TIM_Base_SetConfig
 .text.TIM_OC1_SetConfig
                0x000000000800337c       0xcc ./Drivers/STM32F1xx_HAL_Driver/Src/stm32f1xx_hal_tim.o
 .text.TIM_OC2_SetConfig
                0x0000000008003448       0xd4 ./Drivers/STM32F1xx_HAL_Driver/Src/stm32f1xx_hal_tim.o
                0x0000000008003448                TIM_OC2_SetConfig
 .text.TIM_OC3_SetConfig
                0x000000000800351c       0xd4 ./Drivers/STM32F1xx_HAL_Driver/Src/stm32f1xx_hal_tim.o
 .text.TIM_OC4_SetConfig
                0x00000000080035f0       0x9c ./Drivers/STM32F1xx_HAL_Driver/Src/stm32f1xx_hal_tim.o
 .text.TIM_TI1_ConfigInputStage
                0x000000000800368c       0x5c ./Drivers/STM32F1xx_HAL_Driver/Src/stm32f1xx_hal_tim.o
 .text.TIM_TI2_ConfigInputStage
                0x00000000080036e8       0x5e ./Drivers/STM32F1xx_HAL_Driver/Src/stm32f1xx_hal_tim.o
 .text.TIM_ITRx_SetConfig
                0x0000000008003746       0x34 ./Drivers/STM32F1xx_HAL_Driver/Src/stm32f1xx_hal_tim.o
 .text.TIM_ETR_SetConfig
                0x000000000800377a       0x3e ./Drivers/STM32F1xx_HAL_Driver/Src/stm32f1xx_hal_tim.o
                0x000000000800377a                TIM_ETR_SetConfig
 .text.TIM_CCxChannelCmd
                0x00000000080037b8       0x48 ./Drivers/STM32F1xx_HAL_Driver/Src/stm32f1xx_hal_tim.o
                0x00000000080037b8                TIM_CCxChannelCmd
 .text.HAL_TIMEx_MasterConfigSynchronization
                0x0000000008003800       0xbc ./Drivers/STM32F1xx_HAL_Driver/Src/stm32f1xx_hal_tim_ex.o
                0x0000000008003800                HAL_TIMEx_MasterConfigSynchronization
 .text.HAL_TIMEx_CommutCallback
                0x00000000080038bc       0x12 ./Drivers/STM32F1xx_HAL_Driver/Src/stm32f1xx_hal_tim_ex.o
                0x00000000080038bc                HAL_TIMEx_CommutCallback
 .text.HAL_TIMEx_BreakCallback
                0x00000000080038ce       0x12 ./Drivers/STM32F1xx_HAL_Driver/Src/stm32f1xx_hal_tim_ex.o
                0x00000000080038ce                HAL_TIMEx_BreakCallback
 .text.HAL_UART_Init
                0x00000000080038e0       0x9a ./Drivers/STM32F1xx_HAL_Driver/Src/stm32f1xx_hal_uart.o
                0x00000000080038e0                HAL_UART_Init
 .text.HAL_UART_Transmit
                0x000000000800397a      0x124 ./Drivers/STM32F1xx_HAL_Driver/Src/stm32f1xx_hal_uart.o
                0x000000000800397a                HAL_UART_Transmit
 .text.UART_WaitOnFlagUntilTimeout
                0x0000000008003a9e       0x94 ./Drivers/STM32F1xx_HAL_Driver/Src/stm32f1xx_hal_uart.o
 *fill*         0x0000000008003b32        0x2 
 .text.UART_SetConfig
                0x0000000008003b34      0x11c ./Drivers/STM32F1xx_HAL_Driver/Src/stm32f1xx_hal_uart.o
 .text.__errno  0x0000000008003c50        0xc d:/subjects/mcu document/stm32cubeide_1.7.0/stm32cubeide/plugins/com.st.stm32cube.ide.mcu.externaltools.gnu-tools-for-stm32.10.3-2021.10.win32_1.0.100.202210260954/tools/bin/../lib/gcc/arm-none-eabi/10.3.1/../../../../arm-none-eabi/lib/thumb/v7-m/nofp\libc_nano.a(lib_a-errno.o)
                0x0000000008003c50                __errno
 .text.__libc_init_array
                0x0000000008003c5c       0x48 d:/subjects/mcu document/stm32cubeide_1.7.0/stm32cubeide/plugins/com.st.stm32cube.ide.mcu.externaltools.gnu-tools-for-stm32.10.3-2021.10.win32_1.0.100.202210260954/tools/bin/../lib/gcc/arm-none-eabi/10.3.1/../../../../arm-none-eabi/lib/thumb/v7-m/nofp\libc_nano.a(lib_a-init.o)
                0x0000000008003c5c                __libc_init_array
 .text.memset   0x0000000008003ca4       0x10 d:/subjects/mcu document/stm32cubeide_1.7.0/stm32cubeide/plugins/com.st.stm32cube.ide.mcu.externaltools.gnu-tools-for-stm32.10.3-2021.10.win32_1.0.100.202210260954/tools/bin/../lib/gcc/arm-none-eabi/10.3.1/../../../../arm-none-eabi/lib/thumb/v7-m/nofp\libc_nano.a(lib_a-memset.o)
                0x0000000008003ca4                memset
 .text.sprintf  0x0000000008003cb4       0x40 d:/subjects/mcu document/stm32cubeide_1.7.0/stm32cubeide/plugins/com.st.stm32cube.ide.mcu.externaltools.gnu-tools-for-stm32.10.3-2021.10.win32_1.0.100.202210260954/tools/bin/../lib/gcc/arm-none-eabi/10.3.1/../../../../arm-none-eabi/lib/thumb/v7-m/nofp\libc_nano.a(lib_a-sprintf.o)
                0x0000000008003cb4                siprintf
                0x0000000008003cb4                sprintf
 .text.__ssputs_r
                0x0000000008003cf4       0xb6 d:/subjects/mcu document/stm32cubeide_1.7.0/stm32cubeide/plugins/com.st.stm32cube.ide.mcu.externaltools.gnu-tools-for-stm32.10.3-2021.10.win32_1.0.100.202210260954/tools/bin/../lib/gcc/arm-none-eabi/10.3.1/../../../../arm-none-eabi/lib/thumb/v7-m/nofp\libc_nano.a(lib_a-nano-svfprintf.o)
                0x0000000008003cf4                __ssputs_r
 *fill*         0x0000000008003daa        0x2 
 .text._svfprintf_r
                0x0000000008003dac      0x200 d:/subjects/mcu document/stm32cubeide_1.7.0/stm32cubeide/plugins/com.st.stm32cube.ide.mcu.externaltools.gnu-tools-for-stm32.10.3-2021.10.win32_1.0.100.202210260954/tools/bin/../lib/gcc/arm-none-eabi/10.3.1/../../../../arm-none-eabi/lib/thumb/v7-m/nofp\libc_nano.a(lib_a-nano-svfprintf.o)
                0x0000000008003dac                _svfiprintf_r
                0x0000000008003dac                _svfprintf_r
 .text._printf_common
                0x0000000008003fac       0xde d:/subjects/mcu document/stm32cubeide_1.7.0/stm32cubeide/plugins/com.st.stm32cube.ide.mcu.externaltools.gnu-tools-for-stm32.10.3-2021.10.win32_1.0.100.202210260954/tools/bin/../lib/gcc/arm-none-eabi/10.3.1/../../../../arm-none-eabi/lib/thumb/v7-m/nofp\libc_nano.a(lib_a-nano-vfprintf_i.o)
                0x0000000008003fac                _printf_common
 *fill*         0x000000000800408a        0x2 
 .text._printf_i
                0x000000000800408c      0x24c d:/subjects/mcu document/stm32cubeide_1.7.0/stm32cubeide/plugins/com.st.stm32cube.ide.mcu.externaltools.gnu-tools-for-stm32.10.3-2021.10.win32_1.0.100.202210260954/tools/bin/../lib/gcc/arm-none-eabi/10.3.1/../../../../arm-none-eabi/lib/thumb/v7-m/nofp\libc_nano.a(lib_a-nano-vfprintf_i.o)
                0x000000000800408c                _printf_i
 .text.memchr   0x00000000080042d8       0x1c d:/subjects/mcu document/stm32cubeide_1.7.0/stm32cubeide/plugins/com.st.stm32cube.ide.mcu.externaltools.gnu-tools-for-stm32.10.3-2021.10.win32_1.0.100.202210260954/tools/bin/../lib/gcc/arm-none-eabi/10.3.1/../../../../arm-none-eabi/lib/thumb/v7-m/nofp\libc_nano.a(lib_a-memchr-stub.o)
                0x00000000080042d8                memchr
 .text.memcpy   0x00000000080042f4       0x1c d:/subjects/mcu document/stm32cubeide_1.7.0/stm32cubeide/plugins/com.st.stm32cube.ide.mcu.externaltools.gnu-tools-for-stm32.10.3-2021.10.win32_1.0.100.202210260954/tools/bin/../lib/gcc/arm-none-eabi/10.3.1/../../../../arm-none-eabi/lib/thumb/v7-m/nofp\libc_nano.a(lib_a-memcpy-stub.o)
                0x00000000080042f4                memcpy
 .text.memmove  0x0000000008004310       0x34 d:/subjects/mcu document/stm32cubeide_1.7.0/stm32cubeide/plugins/com.st.stm32cube.ide.mcu.externaltools.gnu-tools-for-stm32.10.3-2021.10.win32_1.0.100.202210260954/tools/bin/../lib/gcc/arm-none-eabi/10.3.1/../../../../arm-none-eabi/lib/thumb/v7-m/nofp\libc_nano.a(lib_a-memmove.o)
                0x0000000008004310                memmove
 .text._free_r  0x0000000008004344       0x90 d:/subjects/mcu document/stm32cubeide_1.7.0/stm32cubeide/plugins/com.st.stm32cube.ide.mcu.externaltools.gnu-tools-for-stm32.10.3-2021.10.win32_1.0.100.202210260954/tools/bin/../lib/gcc/arm-none-eabi/10.3.1/../../../../arm-none-eabi/lib/thumb/v7-m/nofp\libc_nano.a(lib_a-nano-freer.o)
                0x0000000008004344                _free_r
 .text.sbrk_aligned
                0x00000000080043d4       0x40 d:/subjects/mcu document/stm32cubeide_1.7.0/stm32cubeide/plugins/com.st.stm32cube.ide.mcu.externaltools.gnu-tools-for-stm32.10.3-2021.10.win32_1.0.100.202210260954/tools/bin/../lib/gcc/arm-none-eabi/10.3.1/../../../../arm-none-eabi/lib/thumb/v7-m/nofp\libc_nano.a(lib_a-nano-mallocr.o)
 .text._malloc_r
                0x0000000008004414       0xe8 d:/subjects/mcu document/stm32cubeide_1.7.0/stm32cubeide/plugins/com.st.stm32cube.ide.mcu.externaltools.gnu-tools-for-stm32.10.3-2021.10.win32_1.0.100.202210260954/tools/bin/../lib/gcc/arm-none-eabi/10.3.1/../../../../arm-none-eabi/lib/thumb/v7-m/nofp\libc_nano.a(lib_a-nano-mallocr.o)
                0x0000000008004414                _malloc_r
 .text._realloc_r
                0x00000000080044fc       0x5e d:/subjects/mcu document/stm32cubeide_1.7.0/stm32cubeide/plugins/com.st.stm32cube.ide.mcu.externaltools.gnu-tools-for-stm32.10.3-2021.10.win32_1.0.100.202210260954/tools/bin/../lib/gcc/arm-none-eabi/10.3.1/../../../../arm-none-eabi/lib/thumb/v7-m/nofp\libc_nano.a(lib_a-nano-reallocr.o)
                0x00000000080044fc                _realloc_r
 *fill*         0x000000000800455a        0x2 
 .text._sbrk_r  0x000000000800455c       0x20 d:/subjects/mcu document/stm32cubeide_1.7.0/stm32cubeide/plugins/com.st.stm32cube.ide.mcu.externaltools.gnu-tools-for-stm32.10.3-2021.10.win32_1.0.100.202210260954/tools/bin/../lib/gcc/arm-none-eabi/10.3.1/../../../../arm-none-eabi/lib/thumb/v7-m/nofp\libc_nano.a(lib_a-sbrkr.o)
                0x000000000800455c                _sbrk_r
 .text.__malloc_lock
                0x000000000800457c        0xc d:/subjects/mcu document/stm32cubeide_1.7.0/stm32cubeide/plugins/com.st.stm32cube.ide.mcu.externaltools.gnu-tools-for-stm32.10.3-2021.10.win32_1.0.100.202210260954/tools/bin/../lib/gcc/arm-none-eabi/10.3.1/../../../../arm-none-eabi/lib/thumb/v7-m/nofp\libc_nano.a(lib_a-mlock.o)
                0x000000000800457c                __malloc_lock
 .text.__malloc_unlock
                0x0000000008004588        0xc d:/subjects/mcu document/stm32cubeide_1.7.0/stm32cubeide/plugins/com.st.stm32cube.ide.mcu.externaltools.gnu-tools-for-stm32.10.3-2021.10.win32_1.0.100.202210260954/tools/bin/../lib/gcc/arm-none-eabi/10.3.1/../../../../arm-none-eabi/lib/thumb/v7-m/nofp\libc_nano.a(lib_a-mlock.o)
                0x0000000008004588                __malloc_unlock
 .text._malloc_usable_size_r
                0x0000000008004594       0x10 d:/subjects/mcu document/stm32cubeide_1.7.0/stm32cubeide/plugins/com.st.stm32cube.ide.mcu.externaltools.gnu-tools-for-stm32.10.3-2021.10.win32_1.0.100.202210260954/tools/bin/../lib/gcc/arm-none-eabi/10.3.1/../../../../arm-none-eabi/lib/thumb/v7-m/nofp\libc_nano.a(lib_a-nano-msizer.o)
                0x0000000008004594                _malloc_usable_size_r
 .text.__retarget_lock_acquire_recursive
                0x00000000080045a4        0x2 d:/subjects/mcu document/stm32cubeide_1.7.0/stm32cubeide/plugins/com.st.stm32cube.ide.mcu.externaltools.gnu-tools-for-stm32.10.3-2021.10.win32_1.0.100.202210260954/tools/bin/../lib/gcc/arm-none-eabi/10.3.1/../../../../arm-none-eabi/lib/thumb/v7-m/nofp\libc_nano.a(lib_a-lock.o)
                0x00000000080045a4                __retarget_lock_acquire_recursive
 .text.__retarget_lock_release_recursive
                0x00000000080045a6        0x2 d:/subjects/mcu document/stm32cubeide_1.7.0/stm32cubeide/plugins/com.st.stm32cube.ide.mcu.externaltools.gnu-tools-for-stm32.10.3-2021.10.win32_1.0.100.202210260954/tools/bin/../lib/gcc/arm-none-eabi/10.3.1/../../../../arm-none-eabi/lib/thumb/v7-m/nofp\libc_nano.a(lib_a-lock.o)
                0x00000000080045a6                __retarget_lock_release_recursive
 *(.glue_7)
 .glue_7        0x00000000080045a8        0x0 linker stubs
 *(.glue_7t)
 .glue_7t       0x00000000080045a8        0x0 linker stubs
 *(.eh_frame)
 .eh_frame      0x00000000080045a8        0x0 d:/subjects/mcu document/stm32cubeide_1.7.0/stm32cubeide/plugins/com.st.stm32cube.ide.mcu.externaltools.gnu-tools-for-stm32.10.3-2021.10.win32_1.0.100.202210260954/tools/bin/../lib/gcc/arm-none-eabi/10.3.1/thumb/v7-m/nofp/crtbegin.o
 *(.init)
 .init          0x00000000080045a8        0x4 d:/subjects/mcu document/stm32cubeide_1.7.0/stm32cubeide/plugins/com.st.stm32cube.ide.mcu.externaltools.gnu-tools-for-stm32.10.3-2021.10.win32_1.0.100.202210260954/tools/bin/../lib/gcc/arm-none-eabi/10.3.1/thumb/v7-m/nofp/crti.o
                0x00000000080045a8                _init
 .init          0x00000000080045ac        0x8 d:/subjects/mcu document/stm32cubeide_1.7.0/stm32cubeide/plugins/com.st.stm32cube.ide.mcu.externaltools.gnu-tools-for-stm32.10.3-2021.10.win32_1.0.100.202210260954/tools/bin/../lib/gcc/arm-none-eabi/10.3.1/thumb/v7-m/nofp/crtn.o
 *(.fini)
 .fini          0x00000000080045b4        0x4 d:/subjects/mcu document/stm32cubeide_1.7.0/stm32cubeide/plugins/com.st.stm32cube.ide.mcu.externaltools.gnu-tools-for-stm32.10.3-2021.10.win32_1.0.100.202210260954/tools/bin/../lib/gcc/arm-none-eabi/10.3.1/thumb/v7-m/nofp/crti.o
                0x00000000080045b4                _fini
 .fini          0x00000000080045b8        0x8 d:/subjects/mcu document/stm32cubeide_1.7.0/stm32cubeide/plugins/com.st.stm32cube.ide.mcu.externaltools.gnu-tools-for-stm32.10.3-2021.10.win32_1.0.100.202210260954/tools/bin/../lib/gcc/arm-none-eabi/10.3.1/thumb/v7-m/nofp/crtn.o
                0x00000000080045c0                . = ALIGN (0x4)
                0x00000000080045c0                _etext = .

.vfp11_veneer   0x00000000080045c0        0x0
 .vfp11_veneer  0x00000000080045c0        0x0 linker stubs

.v4_bx          0x00000000080045c0        0x0
 .v4_bx         0x00000000080045c0        0x0 linker stubs

.iplt           0x00000000080045c0        0x0
 .iplt          0x00000000080045c0        0x0 d:/subjects/mcu document/stm32cubeide_1.7.0/stm32cubeide/plugins/com.st.stm32cube.ide.mcu.externaltools.gnu-tools-for-stm32.10.3-2021.10.win32_1.0.100.202210260954/tools/bin/../lib/gcc/arm-none-eabi/10.3.1/thumb/v7-m/nofp/crtbegin.o

.rodata         0x00000000080045c0       0x6c
                0x00000000080045c0                . = ALIGN (0x4)
 *(.rodata)
 .rodata        0x00000000080045c0        0xe ./Core/Src/global.o
 *fill*         0x00000000080045ce        0x2 
 .rodata        0x00000000080045d0       0x10 ./Drivers/STM32F1xx_HAL_Driver/Src/stm32f1xx_hal_rcc.o
 *(.rodata*)
 .rodata.AHBPrescTable
                0x00000000080045e0       0x10 ./Core/Src/system_stm32f1xx.o
                0x00000000080045e0                AHBPrescTable
 .rodata.APBPrescTable
                0x00000000080045f0        0x8 ./Core/Src/system_stm32f1xx.o
                0x00000000080045f0                APBPrescTable
 .rodata._svfprintf_r.str1.1
                0x00000000080045f8       0x11 d:/subjects/mcu document/stm32cubeide_1.7.0/stm32cubeide/plugins/com.st.stm32cube.ide.mcu.externaltools.gnu-tools-for-stm32.10.3-2021.10.win32_1.0.100.202210260954/tools/bin/../lib/gcc/arm-none-eabi/10.3.1/../../../../arm-none-eabi/lib/thumb/v7-m/nofp\libc_nano.a(lib_a-nano-svfprintf.o)
 .rodata._printf_i.str1.1
                0x0000000008004609       0x22 d:/subjects/mcu document/stm32cubeide_1.7.0/stm32cubeide/plugins/com.st.stm32cube.ide.mcu.externaltools.gnu-tools-for-stm32.10.3-2021.10.win32_1.0.100.202210260954/tools/bin/../lib/gcc/arm-none-eabi/10.3.1/../../../../arm-none-eabi/lib/thumb/v7-m/nofp\libc_nano.a(lib_a-nano-vfprintf_i.o)
                0x000000000800462c                . = ALIGN (0x4)
 *fill*         0x000000000800462b        0x1 

.rel.dyn        0x000000000800462c        0x0
 .rel.iplt      0x000000000800462c        0x0 d:/subjects/mcu document/stm32cubeide_1.7.0/stm32cubeide/plugins/com.st.stm32cube.ide.mcu.externaltools.gnu-tools-for-stm32.10.3-2021.10.win32_1.0.100.202210260954/tools/bin/../lib/gcc/arm-none-eabi/10.3.1/thumb/v7-m/nofp/crtbegin.o

.ARM.extab      0x000000000800462c        0x0
                0x000000000800462c                . = ALIGN (0x4)
 *(.ARM.extab* .gnu.linkonce.armextab.*)
                0x000000000800462c                . = ALIGN (0x4)

.ARM            0x000000000800462c        0x0
                0x000000000800462c                . = ALIGN (0x4)
                0x000000000800462c                __exidx_start = .
 *(.ARM.exidx*)
                0x000000000800462c                __exidx_end = .
                0x000000000800462c                . = ALIGN (0x4)

.preinit_array  0x000000000800462c        0x0
                0x000000000800462c                . = ALIGN (0x4)
                0x000000000800462c                PROVIDE (__preinit_array_start = .)
 *(.preinit_array*)
                0x000000000800462c                PROVIDE (__preinit_array_end = .)
                0x000000000800462c                . = ALIGN (0x4)

.init_array     0x000000000800462c        0x4
                0x000000000800462c                . = ALIGN (0x4)
                0x000000000800462c                PROVIDE (__init_array_start = .)
 *(SORT_BY_NAME(.init_array.*))
 *(.init_array*)
 .init_array    0x000000000800462c        0x4 d:/subjects/mcu document/stm32cubeide_1.7.0/stm32cubeide/plugins/com.st.stm32cube.ide.mcu.externaltools.gnu-tools-for-stm32.10.3-2021.10.win32_1.0.100.202210260954/tools/bin/../lib/gcc/arm-none-eabi/10.3.1/thumb/v7-m/nofp/crtbegin.o
                0x0000000008004630                PROVIDE (__init_array_end = .)
                0x0000000008004630                . = ALIGN (0x4)

.fini_array     0x0000000008004630        0x4
                0x0000000008004630                . = ALIGN (0x4)
                [!provide]                        PROVIDE (__fini_array_start = .)
 *(SORT_BY_NAME(.fini_array.*))
 *(.fini_array*)
 .fini_array    0x0000000008004630        0x4 d:/subjects/mcu document/stm32cubeide_1.7.0/stm32cubeide/plugins/com.st.stm32cube.ide.mcu.externaltools.gnu-tools-for-stm32.10.3-2021.10.win32_1.0.100.202210260954/tools/bin/../lib/gcc/arm-none-eabi/10.3.1/thumb/v7-m/nofp/crtbegin.o
                [!provide]                        PROVIDE (__fini_array_end = .)
                0x0000000008004634                . = ALIGN (0x4)
                0x0000000008004634                _sidata = LOADADDR (.data)

.data           0x0000000020000000       0x9c load address 0x0000000008004634
                0x0000000020000000                . = ALIGN (0x4)
                0x0000000020000000                _sdata = .
 *(.data)
 *(.data*)
 .data.status1  0x0000000020000000        0x4 ./Core/Src/global.o
                0x0000000020000000                status1
 .data.status2  0x0000000020000004        0x4 ./Core/Src/global.o
                0x0000000020000004                status2
 .data.status3  0x0000000020000008        0x4 ./Core/Src/global.o
                0x0000000020000008                status3
 .data.red_duration1
                0x000000002000000c        0x4 ./Core/Src/global.o
                0x000000002000000c                red_duration1
 .data.yellow_duration1
                0x0000000020000010        0x4 ./Core/Src/global.o
                0x0000000020000010                yellow_duration1
 .data.green_duration1
                0x0000000020000014        0x4 ./Core/Src/global.o
                0x0000000020000014                green_duration1
 .data.red_duration2
                0x0000000020000018        0x4 ./Core/Src/global.o
                0x0000000020000018                red_duration2
 .data.yellow_duration2
                0x000000002000001c        0x4 ./Core/Src/global.o
                0x000000002000001c                yellow_duration2
 .data.green_duration2
                0x0000000020000020        0x4 ./Core/Src/global.o
                0x0000000020000020                green_duration2
 .data.time_input
                0x0000000020000024        0x4 ./Core/Src/global.o
                0x0000000020000024                time_input
 .data.status4  0x0000000020000028        0x4 ./Core/Src/global.o
                0x0000000020000028                status4
 .data.SystemCoreClock
                0x000000002000002c        0x4 ./Core/Src/system_stm32f1xx.o
                0x000000002000002c                SystemCoreClock
 .data.uwTickPrio
                0x0000000020000030        0x4 ./Drivers/STM32F1xx_HAL_Driver/Src/stm32f1xx_hal.o
                0x0000000020000030                uwTickPrio
 .data.uwTickFreq
                0x0000000020000034        0x1 ./Drivers/STM32F1xx_HAL_Driver/Src/stm32f1xx_hal.o
                0x0000000020000034                uwTickFreq
 *fill*         0x0000000020000035        0x3 
 .data._impure_ptr
                0x0000000020000038        0x4 d:/subjects/mcu document/stm32cubeide_1.7.0/stm32cubeide/plugins/com.st.stm32cube.ide.mcu.externaltools.gnu-tools-for-stm32.10.3-2021.10.win32_1.0.100.202210260954/tools/bin/../lib/gcc/arm-none-eabi/10.3.1/../../../../arm-none-eabi/lib/thumb/v7-m/nofp\libc_nano.a(lib_a-impure.o)
                0x0000000020000038                _impure_ptr
 .data.impure_data
                0x000000002000003c       0x60 d:/subjects/mcu document/stm32cubeide_1.7.0/stm32cubeide/plugins/com.st.stm32cube.ide.mcu.externaltools.gnu-tools-for-stm32.10.3-2021.10.win32_1.0.100.202210260954/tools/bin/../lib/gcc/arm-none-eabi/10.3.1/../../../../arm-none-eabi/lib/thumb/v7-m/nofp\libc_nano.a(lib_a-impure.o)
 *(.RamFunc)
 *(.RamFunc*)
                0x000000002000009c                . = ALIGN (0x4)
                0x000000002000009c                _edata = .

.igot.plt       0x000000002000009c        0x0 load address 0x00000000080046d0
 .igot.plt      0x000000002000009c        0x0 d:/subjects/mcu document/stm32cubeide_1.7.0/stm32cubeide/plugins/com.st.stm32cube.ide.mcu.externaltools.gnu-tools-for-stm32.10.3-2021.10.win32_1.0.100.202210260954/tools/bin/../lib/gcc/arm-none-eabi/10.3.1/thumb/v7-m/nofp/crtbegin.o
                0x000000002000009c                . = ALIGN (0x4)

.bss            0x000000002000009c      0x188 load address 0x00000000080046d0
                0x000000002000009c                _sbss = .
                0x000000002000009c                __bss_start__ = _sbss
 *(.bss)
 .bss           0x000000002000009c       0x1c d:/subjects/mcu document/stm32cubeide_1.7.0/stm32cubeide/plugins/com.st.stm32cube.ide.mcu.externaltools.gnu-tools-for-stm32.10.3-2021.10.win32_1.0.100.202210260954/tools/bin/../lib/gcc/arm-none-eabi/10.3.1/thumb/v7-m/nofp/crtbegin.o
 *(.bss*)
 .bss.timeCountdown1
                0x00000000200000b8        0x4 ./Core/Src/global.o
                0x00000000200000b8                timeCountdown1
 .bss.timeCountdown2
                0x00000000200000bc        0x4 ./Core/Src/global.o
                0x00000000200000bc                timeCountdown2
 .bss.returnFlag1
                0x00000000200000c0        0x4 ./Core/Src/global.o
                0x00000000200000c0                returnFlag1
 .bss.returnFlag2
                0x00000000200000c4        0x4 ./Core/Src/global.o
                0x00000000200000c4                returnFlag2
 .bss.state     0x00000000200000c8        0x4 ./Core/Src/global.o
                0x00000000200000c8                state
 .bss.state2    0x00000000200000cc        0x4 ./Core/Src/global.o
                0x00000000200000cc                state2
 .bss.counter_toggle
                0x00000000200000d0        0x4 ./Core/Src/global.o
                0x00000000200000d0                counter_toggle
 .bss.buttonFlags
                0x00000000200000d4       0x10 ./Core/Src/input_reading.o
                0x00000000200000d4                buttonFlags
 .bss.debounceButtonBuffer1
                0x00000000200000e4        0x4 ./Core/Src/input_reading.o
 .bss.debounceButtonBuffer2
                0x00000000200000e8        0x4 ./Core/Src/input_reading.o
 .bss.debounceButtonBuffer3
                0x00000000200000ec        0x4 ./Core/Src/input_reading.o
 .bss.debounceButtonBuffer4
                0x00000000200000f0        0x4 ./Core/Src/input_reading.o
 .bss.flagForButtonPress1s
                0x00000000200000f4        0x4 ./Core/Src/input_reading.o
 .bss.counterForButtonPress1s
                0x00000000200000f8        0x8 ./Core/Src/input_reading.o
 .bss.htim2     0x0000000020000100       0x48 ./Core/Src/main.o
                0x0000000020000100                htim2
 .bss.htim3     0x0000000020000148       0x48 ./Core/Src/main.o
                0x0000000020000148                htim3
 .bss.huart2    0x0000000020000190       0x44 ./Core/Src/main.o
                0x0000000020000190                huart2
 .bss.__sbrk_heap_end
                0x00000000200001d4        0x4 ./Core/Src/sysmem.o
 .bss.timer0_cnt
                0x00000000200001d8        0x4 ./Core/Src/timer.o
                0x00000000200001d8                timer0_cnt
 .bss.timer1_cnt
                0x00000000200001dc        0x4 ./Core/Src/timer.o
                0x00000000200001dc                timer1_cnt
 .bss.timer2_cnt
                0x00000000200001e0        0x4 ./Core/Src/timer.o
                0x00000000200001e0                timer2_cnt
 .bss.timer3_cnt
                0x00000000200001e4        0x4 ./Core/Src/timer.o
                0x00000000200001e4                timer3_cnt
 .bss.timer4_cnt
                0x00000000200001e8        0x4 ./Core/Src/timer.o
                0x00000000200001e8                timer4_cnt
 .bss.timer5_cnt
                0x00000000200001ec        0x4 ./Core/Src/timer.o
                0x00000000200001ec                timer5_cnt
 .bss.timer6_cnt
                0x00000000200001f0        0x4 ./Core/Src/timer.o
                0x00000000200001f0                timer6_cnt
 .bss.timer0_flag
                0x00000000200001f4        0x4 ./Core/Src/timer.o
                0x00000000200001f4                timer0_flag
 .bss.timer1_flag
                0x00000000200001f8        0x4 ./Core/Src/timer.o
                0x00000000200001f8                timer1_flag
 .bss.timer2_flag
                0x00000000200001fc        0x4 ./Core/Src/timer.o
                0x00000000200001fc                timer2_flag
 .bss.timer3_flag
                0x0000000020000200        0x4 ./Core/Src/timer.o
                0x0000000020000200                timer3_flag
 .bss.timer4_flag
                0x0000000020000204        0x4 ./Core/Src/timer.o
                0x0000000020000204                timer4_flag
 .bss.timer5_flag
                0x0000000020000208        0x4 ./Core/Src/timer.o
                0x0000000020000208                timer5_flag
 .bss.timer6_flag
                0x000000002000020c        0x4 ./Core/Src/timer.o
                0x000000002000020c                timer6_flag
 .bss.uwTick    0x0000000020000210        0x4 ./Drivers/STM32F1xx_HAL_Driver/Src/stm32f1xx_hal.o
                0x0000000020000210                uwTick
 .bss.__malloc_free_list
                0x0000000020000214        0x4 d:/subjects/mcu document/stm32cubeide_1.7.0/stm32cubeide/plugins/com.st.stm32cube.ide.mcu.externaltools.gnu-tools-for-stm32.10.3-2021.10.win32_1.0.100.202210260954/tools/bin/../lib/gcc/arm-none-eabi/10.3.1/../../../../arm-none-eabi/lib/thumb/v7-m/nofp\libc_nano.a(lib_a-nano-mallocr.o)
                0x0000000020000214                __malloc_free_list
 .bss.__malloc_sbrk_start
                0x0000000020000218        0x4 d:/subjects/mcu document/stm32cubeide_1.7.0/stm32cubeide/plugins/com.st.stm32cube.ide.mcu.externaltools.gnu-tools-for-stm32.10.3-2021.10.win32_1.0.100.202210260954/tools/bin/../lib/gcc/arm-none-eabi/10.3.1/../../../../arm-none-eabi/lib/thumb/v7-m/nofp\libc_nano.a(lib_a-nano-mallocr.o)
                0x0000000020000218                __malloc_sbrk_start
 .bss.errno     0x000000002000021c        0x4 d:/subjects/mcu document/stm32cubeide_1.7.0/stm32cubeide/plugins/com.st.stm32cube.ide.mcu.externaltools.gnu-tools-for-stm32.10.3-2021.10.win32_1.0.100.202210260954/tools/bin/../lib/gcc/arm-none-eabi/10.3.1/../../../../arm-none-eabi/lib/thumb/v7-m/nofp\libc_nano.a(lib_a-reent.o)
                0x000000002000021c                errno
 .bss.__lock___malloc_recursive_mutex
                0x0000000020000220        0x1 d:/subjects/mcu document/stm32cubeide_1.7.0/stm32cubeide/plugins/com.st.stm32cube.ide.mcu.externaltools.gnu-tools-for-stm32.10.3-2021.10.win32_1.0.100.202210260954/tools/bin/../lib/gcc/arm-none-eabi/10.3.1/../../../../arm-none-eabi/lib/thumb/v7-m/nofp\libc_nano.a(lib_a-lock.o)
                0x0000000020000220                __lock___malloc_recursive_mutex
 *(COMMON)
                0x0000000020000224                . = ALIGN (0x4)
 *fill*         0x0000000020000221        0x3 
                0x0000000020000224                _ebss = .
                0x0000000020000224                __bss_end__ = _ebss

._user_heap_stack
                0x0000000020000224      0x604 load address 0x00000000080046d0
                0x0000000020000228                . = ALIGN (0x8)
 *fill*         0x0000000020000224        0x4 
                [!provide]                        PROVIDE (end = .)
                0x0000000020000228                PROVIDE (_end = .)
                0x0000000020000428                . = (. + _Min_Heap_Size)
 *fill*         0x0000000020000228      0x200 
                0x0000000020000828                . = (. + _Min_Stack_Size)
 *fill*         0x0000000020000428      0x400 
                0x0000000020000828                . = ALIGN (0x8)

/DISCARD/
 libc.a(*)
 libm.a(*)
 libgcc.a(*)

.ARM.attributes
                0x0000000000000000       0x29
 *(.ARM.attributes)
 .ARM.attributes
                0x0000000000000000       0x1d d:/subjects/mcu document/stm32cubeide_1.7.0/stm32cubeide/plugins/com.st.stm32cube.ide.mcu.externaltools.gnu-tools-for-stm32.10.3-2021.10.win32_1.0.100.202210260954/tools/bin/../lib/gcc/arm-none-eabi/10.3.1/thumb/v7-m/nofp/crti.o
 .ARM.attributes
                0x000000000000001d       0x2d d:/subjects/mcu document/stm32cubeide_1.7.0/stm32cubeide/plugins/com.st.stm32cube.ide.mcu.externaltools.gnu-tools-for-stm32.10.3-2021.10.win32_1.0.100.202210260954/tools/bin/../lib/gcc/arm-none-eabi/10.3.1/thumb/v7-m/nofp/crtbegin.o
 .ARM.attributes
                0x000000000000004a       0x2d ./Core/Src/TrafficLight.o
 .ARM.attributes
                0x0000000000000077       0x2d ./Core/Src/fsm_automatic.o
 .ARM.attributes
                0x00000000000000a4       0x2d ./Core/Src/fsm_manual.o
 .ARM.attributes
                0x00000000000000d1       0x2d ./Core/Src/global.o
 .ARM.attributes
                0x00000000000000fe       0x2d ./Core/Src/input_reading.o
 .ARM.attributes
                0x000000000000012b       0x2d ./Core/Src/main.o
 .ARM.attributes
                0x0000000000000158       0x2d ./Core/Src/pedestrian.o
 .ARM.attributes
                0x0000000000000185       0x2d ./Core/Src/stm32f1xx_hal_msp.o
 .ARM.attributes
                0x00000000000001b2       0x2d ./Core/Src/stm32f1xx_it.o
 .ARM.attributes
                0x00000000000001df       0x2d ./Core/Src/sysmem.o
 .ARM.attributes
                0x000000000000020c       0x2d ./Core/Src/system_stm32f1xx.o
 .ARM.attributes
                0x0000000000000239       0x2d ./Core/Src/timer.o
 .ARM.attributes
                0x0000000000000266       0x21 ./Core/Startup/startup_stm32f103rbtx.o
 .ARM.attributes
                0x0000000000000287       0x2d ./Drivers/STM32F1xx_HAL_Driver/Src/stm32f1xx_hal.o
 .ARM.attributes
                0x00000000000002b4       0x2d ./Drivers/STM32F1xx_HAL_Driver/Src/stm32f1xx_hal_cortex.o
 .ARM.attributes
                0x00000000000002e1       0x2d ./Drivers/STM32F1xx_HAL_Driver/Src/stm32f1xx_hal_gpio.o
 .ARM.attributes
                0x000000000000030e       0x2d ./Drivers/STM32F1xx_HAL_Driver/Src/stm32f1xx_hal_rcc.o
 .ARM.attributes
                0x000000000000033b       0x2d ./Drivers/STM32F1xx_HAL_Driver/Src/stm32f1xx_hal_tim.o
 .ARM.attributes
                0x0000000000000368       0x2d ./Drivers/STM32F1xx_HAL_Driver/Src/stm32f1xx_hal_tim_ex.o
 .ARM.attributes
                0x0000000000000395       0x2d ./Drivers/STM32F1xx_HAL_Driver/Src/stm32f1xx_hal_uart.o
 .ARM.attributes
                0x00000000000003c2       0x2d d:/subjects/mcu document/stm32cubeide_1.7.0/stm32cubeide/plugins/com.st.stm32cube.ide.mcu.externaltools.gnu-tools-for-stm32.10.3-2021.10.win32_1.0.100.202210260954/tools/bin/../lib/gcc/arm-none-eabi/10.3.1/../../../../arm-none-eabi/lib/thumb/v7-m/nofp\libc_nano.a(lib_a-errno.o)
 .ARM.attributes
                0x00000000000003ef       0x2d d:/subjects/mcu document/stm32cubeide_1.7.0/stm32cubeide/plugins/com.st.stm32cube.ide.mcu.externaltools.gnu-tools-for-stm32.10.3-2021.10.win32_1.0.100.202210260954/tools/bin/../lib/gcc/arm-none-eabi/10.3.1/../../../../arm-none-eabi/lib/thumb/v7-m/nofp\libc_nano.a(lib_a-impure.o)
 .ARM.attributes
                0x000000000000041c       0x2d d:/subjects/mcu document/stm32cubeide_1.7.0/stm32cubeide/plugins/com.st.stm32cube.ide.mcu.externaltools.gnu-tools-for-stm32.10.3-2021.10.win32_1.0.100.202210260954/tools/bin/../lib/gcc/arm-none-eabi/10.3.1/../../../../arm-none-eabi/lib/thumb/v7-m/nofp\libc_nano.a(lib_a-init.o)
 .ARM.attributes
                0x0000000000000449       0x2d d:/subjects/mcu document/stm32cubeide_1.7.0/stm32cubeide/plugins/com.st.stm32cube.ide.mcu.externaltools.gnu-tools-for-stm32.10.3-2021.10.win32_1.0.100.202210260954/tools/bin/../lib/gcc/arm-none-eabi/10.3.1/../../../../arm-none-eabi/lib/thumb/v7-m/nofp\libc_nano.a(lib_a-memset.o)
 .ARM.attributes
                0x0000000000000476       0x2d d:/subjects/mcu document/stm32cubeide_1.7.0/stm32cubeide/plugins/com.st.stm32cube.ide.mcu.externaltools.gnu-tools-for-stm32.10.3-2021.10.win32_1.0.100.202210260954/tools/bin/../lib/gcc/arm-none-eabi/10.3.1/../../../../arm-none-eabi/lib/thumb/v7-m/nofp\libc_nano.a(lib_a-sprintf.o)
 .ARM.attributes
                0x00000000000004a3       0x17 d:/subjects/mcu document/stm32cubeide_1.7.0/stm32cubeide/plugins/com.st.stm32cube.ide.mcu.externaltools.gnu-tools-for-stm32.10.3-2021.10.win32_1.0.100.202210260954/tools/bin/../lib/gcc/arm-none-eabi/10.3.1/../../../../arm-none-eabi/lib/thumb/v7-m/nofp\libc_nano.a(lib_a-strlen.o)
 .ARM.attributes
                0x00000000000004ba       0x2d d:/subjects/mcu document/stm32cubeide_1.7.0/stm32cubeide/plugins/com.st.stm32cube.ide.mcu.externaltools.gnu-tools-for-stm32.10.3-2021.10.win32_1.0.100.202210260954/tools/bin/../lib/gcc/arm-none-eabi/10.3.1/../../../../arm-none-eabi/lib/thumb/v7-m/nofp\libc_nano.a(lib_a-nano-svfprintf.o)
 .ARM.attributes
                0x00000000000004e7       0x2d d:/subjects/mcu document/stm32cubeide_1.7.0/stm32cubeide/plugins/com.st.stm32cube.ide.mcu.externaltools.gnu-tools-for-stm32.10.3-2021.10.win32_1.0.100.202210260954/tools/bin/../lib/gcc/arm-none-eabi/10.3.1/../../../../arm-none-eabi/lib/thumb/v7-m/nofp\libc_nano.a(lib_a-nano-vfprintf_i.o)
 .ARM.attributes
                0x0000000000000514       0x2d d:/subjects/mcu document/stm32cubeide_1.7.0/stm32cubeide/plugins/com.st.stm32cube.ide.mcu.externaltools.gnu-tools-for-stm32.10.3-2021.10.win32_1.0.100.202210260954/tools/bin/../lib/gcc/arm-none-eabi/10.3.1/../../../../arm-none-eabi/lib/thumb/v7-m/nofp\libc_nano.a(lib_a-memchr-stub.o)
 .ARM.attributes
                0x0000000000000541       0x2d d:/subjects/mcu document/stm32cubeide_1.7.0/stm32cubeide/plugins/com.st.stm32cube.ide.mcu.externaltools.gnu-tools-for-stm32.10.3-2021.10.win32_1.0.100.202210260954/tools/bin/../lib/gcc/arm-none-eabi/10.3.1/../../../../arm-none-eabi/lib/thumb/v7-m/nofp\libc_nano.a(lib_a-memcpy-stub.o)
 .ARM.attributes
                0x000000000000056e       0x2d d:/subjects/mcu document/stm32cubeide_1.7.0/stm32cubeide/plugins/com.st.stm32cube.ide.mcu.externaltools.gnu-tools-for-stm32.10.3-2021.10.win32_1.0.100.202210260954/tools/bin/../lib/gcc/arm-none-eabi/10.3.1/../../../../arm-none-eabi/lib/thumb/v7-m/nofp\libc_nano.a(lib_a-memmove.o)
 .ARM.attributes
                0x000000000000059b       0x2d d:/subjects/mcu document/stm32cubeide_1.7.0/stm32cubeide/plugins/com.st.stm32cube.ide.mcu.externaltools.gnu-tools-for-stm32.10.3-2021.10.win32_1.0.100.202210260954/tools/bin/../lib/gcc/arm-none-eabi/10.3.1/../../../../arm-none-eabi/lib/thumb/v7-m/nofp\libc_nano.a(lib_a-nano-freer.o)
 .ARM.attributes
                0x00000000000005c8       0x2d d:/subjects/mcu document/stm32cubeide_1.7.0/stm32cubeide/plugins/com.st.stm32cube.ide.mcu.externaltools.gnu-tools-for-stm32.10.3-2021.10.win32_1.0.100.202210260954/tools/bin/../lib/gcc/arm-none-eabi/10.3.1/../../../../arm-none-eabi/lib/thumb/v7-m/nofp\libc_nano.a(lib_a-nano-mallocr.o)
 .ARM.attributes
                0x00000000000005f5       0x2d d:/subjects/mcu document/stm32cubeide_1.7.0/stm32cubeide/plugins/com.st.stm32cube.ide.mcu.externaltools.gnu-tools-for-stm32.10.3-2021.10.win32_1.0.100.202210260954/tools/bin/../lib/gcc/arm-none-eabi/10.3.1/../../../../arm-none-eabi/lib/thumb/v7-m/nofp\libc_nano.a(lib_a-nano-reallocr.o)
 .ARM.attributes
                0x0000000000000622       0x2d d:/subjects/mcu document/stm32cubeide_1.7.0/stm32cubeide/plugins/com.st.stm32cube.ide.mcu.externaltools.gnu-tools-for-stm32.10.3-2021.10.win32_1.0.100.202210260954/tools/bin/../lib/gcc/arm-none-eabi/10.3.1/../../../../arm-none-eabi/lib/thumb/v7-m/nofp\libc_nano.a(lib_a-sbrkr.o)
 .ARM.attributes
                0x000000000000064f       0x2d d:/subjects/mcu document/stm32cubeide_1.7.0/stm32cubeide/plugins/com.st.stm32cube.ide.mcu.externaltools.gnu-tools-for-stm32.10.3-2021.10.win32_1.0.100.202210260954/tools/bin/../lib/gcc/arm-none-eabi/10.3.1/../../../../arm-none-eabi/lib/thumb/v7-m/nofp\libc_nano.a(lib_a-mlock.o)
 .ARM.attributes
                0x000000000000067c       0x2d d:/subjects/mcu document/stm32cubeide_1.7.0/stm32cubeide/plugins/com.st.stm32cube.ide.mcu.externaltools.gnu-tools-for-stm32.10.3-2021.10.win32_1.0.100.202210260954/tools/bin/../lib/gcc/arm-none-eabi/10.3.1/../../../../arm-none-eabi/lib/thumb/v7-m/nofp\libc_nano.a(lib_a-nano-msizer.o)
 .ARM.attributes
                0x00000000000006a9       0x2d d:/subjects/mcu document/stm32cubeide_1.7.0/stm32cubeide/plugins/com.st.stm32cube.ide.mcu.externaltools.gnu-tools-for-stm32.10.3-2021.10.win32_1.0.100.202210260954/tools/bin/../lib/gcc/arm-none-eabi/10.3.1/../../../../arm-none-eabi/lib/thumb/v7-m/nofp\libc_nano.a(lib_a-reent.o)
 .ARM.attributes
                0x00000000000006d6       0x2d d:/subjects/mcu document/stm32cubeide_1.7.0/stm32cubeide/plugins/com.st.stm32cube.ide.mcu.externaltools.gnu-tools-for-stm32.10.3-2021.10.win32_1.0.100.202210260954/tools/bin/../lib/gcc/arm-none-eabi/10.3.1/../../../../arm-none-eabi/lib/thumb/v7-m/nofp\libc_nano.a(lib_a-lock.o)
 .ARM.attributes
                0x0000000000000703       0x1d d:/subjects/mcu document/stm32cubeide_1.7.0/stm32cubeide/plugins/com.st.stm32cube.ide.mcu.externaltools.gnu-tools-for-stm32.10.3-2021.10.win32_1.0.100.202210260954/tools/bin/../lib/gcc/arm-none-eabi/10.3.1/thumb/v7-m/nofp/crtn.o
OUTPUT(BTL.elf elf32-littlearm)
LOAD linker stubs
LOAD d:/subjects/mcu document/stm32cubeide_1.7.0/stm32cubeide/plugins/com.st.stm32cube.ide.mcu.externaltools.gnu-tools-for-stm32.10.3-2021.10.win32_1.0.100.202210260954/tools/bin/../lib/gcc/arm-none-eabi/10.3.1/../../../../arm-none-eabi/lib/thumb/v7-m/nofp\libc.a
LOAD d:/subjects/mcu document/stm32cubeide_1.7.0/stm32cubeide/plugins/com.st.stm32cube.ide.mcu.externaltools.gnu-tools-for-stm32.10.3-2021.10.win32_1.0.100.202210260954/tools/bin/../lib/gcc/arm-none-eabi/10.3.1/../../../../arm-none-eabi/lib/thumb/v7-m/nofp\libm.a
LOAD d:/subjects/mcu document/stm32cubeide_1.7.0/stm32cubeide/plugins/com.st.stm32cube.ide.mcu.externaltools.gnu-tools-for-stm32.10.3-2021.10.win32_1.0.100.202210260954/tools/bin/../lib/gcc/arm-none-eabi/10.3.1/thumb/v7-m/nofp\libgcc.a

.debug_info     0x0000000000000000     0xbc23
 .debug_info    0x0000000000000000      0x293 ./Core/Src/TrafficLight.o
 .debug_info    0x0000000000000293      0x26a ./Core/Src/fsm_automatic.o
 .debug_info    0x00000000000004fd      0x1d8 ./Core/Src/fsm_manual.o
 .debug_info    0x00000000000006d5      0x876 ./Core/Src/global.o
 .debug_info    0x0000000000000f4b      0x302 ./Core/Src/input_reading.o
 .debug_info    0x000000000000124d     0x1055 ./Core/Src/main.o
 .debug_info    0x00000000000022a2      0x7a5 ./Core/Src/pedestrian.o
 .debug_info    0x0000000000002a47      0xded ./Core/Src/stm32f1xx_hal_msp.o
 .debug_info    0x0000000000003834      0x6ea ./Core/Src/stm32f1xx_it.o
 .debug_info    0x0000000000003f1e      0x171 ./Core/Src/sysmem.o
 .debug_info    0x000000000000408f      0x23d ./Core/Src/system_stm32f1xx.o
 .debug_info    0x00000000000042cc      0x3a3 ./Core/Src/timer.o
 .debug_info    0x000000000000466f       0x22 ./Core/Startup/startup_stm32f103rbtx.o
 .debug_info    0x0000000000004691      0x734 ./Drivers/STM32F1xx_HAL_Driver/Src/stm32f1xx_hal.o
 .debug_info    0x0000000000004dc5      0xb20 ./Drivers/STM32F1xx_HAL_Driver/Src/stm32f1xx_hal_cortex.o
 .debug_info    0x00000000000058e5      0x615 ./Drivers/STM32F1xx_HAL_Driver/Src/stm32f1xx_hal_gpio.o
 .debug_info    0x0000000000005efa      0x860 ./Drivers/STM32F1xx_HAL_Driver/Src/stm32f1xx_hal_rcc.o
 .debug_info    0x000000000000675a     0x29de ./Drivers/STM32F1xx_HAL_Driver/Src/stm32f1xx_hal_tim.o
 .debug_info    0x0000000000009138     0x1513 ./Drivers/STM32F1xx_HAL_Driver/Src/stm32f1xx_hal_tim_ex.o
 .debug_info    0x000000000000a64b     0x15d8 ./Drivers/STM32F1xx_HAL_Driver/Src/stm32f1xx_hal_uart.o

.debug_abbrev   0x0000000000000000     0x20d8
 .debug_abbrev  0x0000000000000000       0xf8 ./Core/Src/TrafficLight.o
 .debug_abbrev  0x00000000000000f8       0xb8 ./Core/Src/fsm_automatic.o
 .debug_abbrev  0x00000000000001b0       0xb8 ./Core/Src/fsm_manual.o
 .debug_abbrev  0x0000000000000268      0x1ab ./Core/Src/global.o
 .debug_abbrev  0x0000000000000413      0x179 ./Core/Src/input_reading.o
 .debug_abbrev  0x000000000000058c      0x32e ./Core/Src/main.o
 .debug_abbrev  0x00000000000008ba      0x18f ./Core/Src/pedestrian.o
 .debug_abbrev  0x0000000000000a49      0x1c5 ./Core/Src/stm32f1xx_hal_msp.o
 .debug_abbrev  0x0000000000000c0e      0x184 ./Core/Src/stm32f1xx_it.o
 .debug_abbrev  0x0000000000000d92       0xbb ./Core/Src/sysmem.o
 .debug_abbrev  0x0000000000000e4d      0x13b ./Core/Src/system_stm32f1xx.o
 .debug_abbrev  0x0000000000000f88       0xb9 ./Core/Src/timer.o
 .debug_abbrev  0x0000000000001041       0x12 ./Core/Startup/startup_stm32f103rbtx.o
 .debug_abbrev  0x0000000000001053      0x1fb ./Drivers/STM32F1xx_HAL_Driver/Src/stm32f1xx_hal.o
 .debug_abbrev  0x000000000000124e      0x2ed ./Drivers/STM32F1xx_HAL_Driver/Src/stm32f1xx_hal_cortex.o
 .debug_abbrev  0x000000000000153b      0x1bb ./Drivers/STM32F1xx_HAL_Driver/Src/stm32f1xx_hal_gpio.o
 .debug_abbrev  0x00000000000016f6      0x2a8 ./Drivers/STM32F1xx_HAL_Driver/Src/stm32f1xx_hal_rcc.o
 .debug_abbrev  0x000000000000199e      0x25d ./Drivers/STM32F1xx_HAL_Driver/Src/stm32f1xx_hal_tim.o
 .debug_abbrev  0x0000000000001bfb      0x265 ./Drivers/STM32F1xx_HAL_Driver/Src/stm32f1xx_hal_tim_ex.o
 .debug_abbrev  0x0000000000001e60      0x278 ./Drivers/STM32F1xx_HAL_Driver/Src/stm32f1xx_hal_uart.o

.debug_aranges  0x0000000000000000      0xd90
 .debug_aranges
                0x0000000000000000       0x80 ./Core/Src/TrafficLight.o
 .debug_aranges
                0x0000000000000080       0x28 ./Core/Src/fsm_automatic.o
 .debug_aranges
                0x00000000000000a8       0x20 ./Core/Src/fsm_manual.o
 .debug_aranges
                0x00000000000000c8       0x28 ./Core/Src/global.o
 .debug_aranges
                0x00000000000000f0       0x38 ./Core/Src/input_reading.o
 .debug_aranges
                0x0000000000000128       0x60 ./Core/Src/main.o
 .debug_aranges
                0x0000000000000188       0x20 ./Core/Src/pedestrian.o
 .debug_aranges
                0x00000000000001a8       0x48 ./Core/Src/stm32f1xx_hal_msp.o
 .debug_aranges
                0x00000000000001f0       0x68 ./Core/Src/stm32f1xx_it.o
 .debug_aranges
                0x0000000000000258       0x20 ./Core/Src/sysmem.o
 .debug_aranges
                0x0000000000000278       0x28 ./Core/Src/system_stm32f1xx.o
 .debug_aranges
                0x00000000000002a0       0xc8 ./Core/Src/timer.o
 .debug_aranges
                0x0000000000000368       0x28 ./Core/Startup/startup_stm32f103rbtx.o
 .debug_aranges
                0x0000000000000390       0xe0 ./Drivers/STM32F1xx_HAL_Driver/Src/stm32f1xx_hal.o
 .debug_aranges
                0x0000000000000470      0x100 ./Drivers/STM32F1xx_HAL_Driver/Src/stm32f1xx_hal_cortex.o
 .debug_aranges
                0x0000000000000570       0x58 ./Drivers/STM32F1xx_HAL_Driver/Src/stm32f1xx_hal_gpio.o
 .debug_aranges
                0x00000000000005c8       0x90 ./Drivers/STM32F1xx_HAL_Driver/Src/stm32f1xx_hal_rcc.o
 .debug_aranges
                0x0000000000000658      0x3d0 ./Drivers/STM32F1xx_HAL_Driver/Src/stm32f1xx_hal_tim.o
 .debug_aranges
                0x0000000000000a28      0x168 ./Drivers/STM32F1xx_HAL_Driver/Src/stm32f1xx_hal_tim_ex.o
 .debug_aranges
                0x0000000000000b90      0x200 ./Drivers/STM32F1xx_HAL_Driver/Src/stm32f1xx_hal_uart.o

.debug_ranges   0x0000000000000000      0xc88
 .debug_ranges  0x0000000000000000       0x70 ./Core/Src/TrafficLight.o
 .debug_ranges  0x0000000000000070       0x18 ./Core/Src/fsm_automatic.o
 .debug_ranges  0x0000000000000088       0x10 ./Core/Src/fsm_manual.o
 .debug_ranges  0x0000000000000098       0x18 ./Core/Src/global.o
 .debug_ranges  0x00000000000000b0       0x28 ./Core/Src/input_reading.o
 .debug_ranges  0x00000000000000d8       0x50 ./Core/Src/main.o
 .debug_ranges  0x0000000000000128       0x10 ./Core/Src/pedestrian.o
 .debug_ranges  0x0000000000000138       0x38 ./Core/Src/stm32f1xx_hal_msp.o
 .debug_ranges  0x0000000000000170       0x58 ./Core/Src/stm32f1xx_it.o
 .debug_ranges  0x00000000000001c8       0x10 ./Core/Src/sysmem.o
 .debug_ranges  0x00000000000001d8       0x18 ./Core/Src/system_stm32f1xx.o
 .debug_ranges  0x00000000000001f0       0xb8 ./Core/Src/timer.o
 .debug_ranges  0x00000000000002a8       0x20 ./Core/Startup/startup_stm32f103rbtx.o
 .debug_ranges  0x00000000000002c8       0xd0 ./Drivers/STM32F1xx_HAL_Driver/Src/stm32f1xx_hal.o
 .debug_ranges  0x0000000000000398       0xf0 ./Drivers/STM32F1xx_HAL_Driver/Src/stm32f1xx_hal_cortex.o
 .debug_ranges  0x0000000000000488       0x48 ./Drivers/STM32F1xx_HAL_Driver/Src/stm32f1xx_hal_gpio.o
 .debug_ranges  0x00000000000004d0       0x80 ./Drivers/STM32F1xx_HAL_Driver/Src/stm32f1xx_hal_rcc.o
 .debug_ranges  0x0000000000000550      0x3c0 ./Drivers/STM32F1xx_HAL_Driver/Src/stm32f1xx_hal_tim.o
 .debug_ranges  0x0000000000000910      0x158 ./Drivers/STM32F1xx_HAL_Driver/Src/stm32f1xx_hal_tim_ex.o
 .debug_ranges  0x0000000000000a68      0x220 ./Drivers/STM32F1xx_HAL_Driver/Src/stm32f1xx_hal_uart.o

.debug_macro    0x0000000000000000    0x19037
 .debug_macro   0x0000000000000000      0x3a3 ./Core/Src/TrafficLight.o
 .debug_macro   0x00000000000003a3      0xa6c ./Core/Src/TrafficLight.o
 .debug_macro   0x0000000000000e0f      0x21b ./Core/Src/TrafficLight.o
 .debug_macro   0x000000000000102a       0x2e ./Core/Src/TrafficLight.o
 .debug_macro   0x0000000000001058       0x22 ./Core/Src/TrafficLight.o
 .debug_macro   0x000000000000107a       0x22 ./Core/Src/TrafficLight.o
 .debug_macro   0x000000000000109c       0x8e ./Core/Src/TrafficLight.o
 .debug_macro   0x000000000000112a       0x51 ./Core/Src/TrafficLight.o
 .debug_macro   0x000000000000117b      0x103 ./Core/Src/TrafficLight.o
 .debug_macro   0x000000000000127e       0x6a ./Core/Src/TrafficLight.o
 .debug_macro   0x00000000000012e8      0x1df ./Core/Src/TrafficLight.o
 .debug_macro   0x00000000000014c7       0x1c ./Core/Src/TrafficLight.o
 .debug_macro   0x00000000000014e3       0x22 ./Core/Src/TrafficLight.o
 .debug_macro   0x0000000000001505       0xbd ./Core/Src/TrafficLight.o
 .debug_macro   0x00000000000015c2      0xd23 ./Core/Src/TrafficLight.o
 .debug_macro   0x00000000000022e5     0xe09e ./Core/Src/TrafficLight.o
 .debug_macro   0x0000000000010383       0x6d ./Core/Src/TrafficLight.o
 .debug_macro   0x00000000000103f0     0x3468 ./Core/Src/TrafficLight.o
 .debug_macro   0x0000000000013858      0x174 ./Core/Src/TrafficLight.o
 .debug_macro   0x00000000000139cc       0x5c ./Core/Src/TrafficLight.o
 .debug_macro   0x0000000000013a28      0x5be ./Core/Src/TrafficLight.o
 .debug_macro   0x0000000000013fe6      0x289 ./Core/Src/TrafficLight.o
 .debug_macro   0x000000000001426f      0x1cb ./Core/Src/TrafficLight.o
 .debug_macro   0x000000000001443a      0x114 ./Core/Src/TrafficLight.o
 .debug_macro   0x000000000001454e      0x1b2 ./Core/Src/TrafficLight.o
 .debug_macro   0x0000000000014700       0x27 ./Core/Src/TrafficLight.o
 .debug_macro   0x0000000000014727      0x136 ./Core/Src/TrafficLight.o
 .debug_macro   0x000000000001485d      0x1bc ./Core/Src/TrafficLight.o
 .debug_macro   0x0000000000014a19       0x34 ./Core/Src/TrafficLight.o
 .debug_macro   0x0000000000014a4d       0x3c ./Core/Src/TrafficLight.o
 .debug_macro   0x0000000000014a89       0x57 ./Core/Src/TrafficLight.o
 .debug_macro   0x0000000000014ae0       0x88 ./Core/Src/TrafficLight.o
 .debug_macro   0x0000000000014b68      0x241 ./Core/Src/TrafficLight.o
 .debug_macro   0x0000000000014da9      0x141 ./Core/Src/TrafficLight.o
 .debug_macro   0x0000000000014eea      0x8d1 ./Core/Src/TrafficLight.o
 .debug_macro   0x00000000000157bb      0x279 ./Core/Src/TrafficLight.o
 .debug_macro   0x0000000000015a34       0x83 ./Core/Src/TrafficLight.o
 .debug_macro   0x0000000000015ab7       0x7c ./Core/Src/TrafficLight.o
 .debug_macro   0x0000000000015b33       0x46 ./Core/Src/TrafficLight.o
 .debug_macro   0x0000000000015b79       0x52 ./Core/Src/TrafficLight.o
 .debug_macro   0x0000000000015bcb       0x18 ./Core/Src/TrafficLight.o
 .debug_macro   0x0000000000015be3       0x3c ./Core/Src/TrafficLight.o
 .debug_macro   0x0000000000015c1f       0x34 ./Core/Src/TrafficLight.o
 .debug_macro   0x0000000000015c53       0x16 ./Core/Src/TrafficLight.o
 .debug_macro   0x0000000000015c69       0x43 ./Core/Src/TrafficLight.o
 .debug_macro   0x0000000000015cac       0x34 ./Core/Src/TrafficLight.o
 .debug_macro   0x0000000000015ce0       0x10 ./Core/Src/TrafficLight.o
 .debug_macro   0x0000000000015cf0       0x58 ./Core/Src/TrafficLight.o
 .debug_macro   0x0000000000015d48       0x71 ./Core/Src/TrafficLight.o
 .debug_macro   0x0000000000015db9       0x1c ./Core/Src/TrafficLight.o
 .debug_macro   0x0000000000015dd5      0x12a ./Core/Src/TrafficLight.o
 .debug_macro   0x0000000000015eff      0x341 ./Core/Src/TrafficLight.o
 .debug_macro   0x0000000000016240       0x10 ./Core/Src/TrafficLight.o
 .debug_macro   0x0000000000016250       0x35 ./Core/Src/TrafficLight.o
 .debug_macro   0x0000000000016285       0x20 ./Core/Src/TrafficLight.o
 .debug_macro   0x00000000000162a5       0x1c ./Core/Src/TrafficLight.o
 .debug_macro   0x00000000000162c1       0x10 ./Core/Src/TrafficLight.o
 .debug_macro   0x00000000000162d1       0x10 ./Core/Src/TrafficLight.o
 .debug_macro   0x00000000000162e1       0x1c ./Core/Src/TrafficLight.o
 .debug_macro   0x00000000000162fd       0x52 ./Core/Src/TrafficLight.o
 .debug_macro   0x000000000001634f       0x22 ./Core/Src/TrafficLight.o
 .debug_macro   0x0000000000016371       0x10 ./Core/Src/TrafficLight.o
 .debug_macro   0x0000000000016381       0x52 ./Core/Src/TrafficLight.o
 .debug_macro   0x00000000000163d3       0xd5 ./Core/Src/TrafficLight.o
 .debug_macro   0x00000000000164a8       0x1c ./Core/Src/TrafficLight.o
 .debug_macro   0x00000000000164c4       0x3d ./Core/Src/TrafficLight.o
 .debug_macro   0x0000000000016501       0x16 ./Core/Src/TrafficLight.o
 .debug_macro   0x0000000000016517      0x145 ./Core/Src/TrafficLight.o
 .debug_macro   0x000000000001665c       0x64 ./Core/Src/TrafficLight.o
 .debug_macro   0x00000000000166c0      0x377 ./Core/Src/fsm_automatic.o
 .debug_macro   0x0000000000016a37      0x377 ./Core/Src/fsm_manual.o
 .debug_macro   0x0000000000016dae      0x363 ./Core/Src/global.o
 .debug_macro   0x0000000000017111      0x1c7 ./Core/Src/input_reading.o
 .debug_macro   0x00000000000172d8       0x40 ./Core/Src/input_reading.o
 .debug_macro   0x0000000000017318      0x393 ./Core/Src/main.o
 .debug_macro   0x00000000000176ab      0x36d ./Core/Src/pedestrian.o
 .debug_macro   0x0000000000017a18      0x1b2 ./Core/Src/stm32f1xx_hal_msp.o
 .debug_macro   0x0000000000017bca      0x1bc ./Core/Src/stm32f1xx_it.o
 .debug_macro   0x0000000000017d86       0xff ./Core/Src/sysmem.o
 .debug_macro   0x0000000000017e85      0x23b ./Core/Src/sysmem.o
 .debug_macro   0x00000000000180c0      0x1a3 ./Core/Src/system_stm32f1xx.o
 .debug_macro   0x0000000000018263      0x1bc ./Core/Src/timer.o
 .debug_macro   0x000000000001841f      0x1c7 ./Drivers/STM32F1xx_HAL_Driver/Src/stm32f1xx_hal.o
 .debug_macro   0x00000000000185e6      0x1a3 ./Drivers/STM32F1xx_HAL_Driver/Src/stm32f1xx_hal_cortex.o
 .debug_macro   0x0000000000018789      0x20e ./Drivers/STM32F1xx_HAL_Driver/Src/stm32f1xx_hal_gpio.o
 .debug_macro   0x0000000000018997      0x1b5 ./Drivers/STM32F1xx_HAL_Driver/Src/stm32f1xx_hal_rcc.o
 .debug_macro   0x0000000000018b4c      0x1a4 ./Drivers/STM32F1xx_HAL_Driver/Src/stm32f1xx_hal_tim.o
 .debug_macro   0x0000000000018cf0      0x1a3 ./Drivers/STM32F1xx_HAL_Driver/Src/stm32f1xx_hal_tim_ex.o
 .debug_macro   0x0000000000018e93      0x1a4 ./Drivers/STM32F1xx_HAL_Driver/Src/stm32f1xx_hal_uart.o

.debug_line     0x0000000000000000    0x109ed
 .debug_line    0x0000000000000000      0xb93 ./Core/Src/TrafficLight.o
 .debug_line    0x0000000000000b93      0xb93 ./Core/Src/fsm_automatic.o
 .debug_line    0x0000000000001726      0xda2 ./Core/Src/fsm_manual.o
 .debug_line    0x00000000000024c8      0xa1b ./Core/Src/global.o
 .debug_line    0x0000000000002ee3      0x89f ./Core/Src/input_reading.o
 .debug_line    0x0000000000003782      0xc63 ./Core/Src/main.o
 .debug_line    0x00000000000043e5      0xad9 ./Core/Src/pedestrian.o
 .debug_line    0x0000000000004ebe      0x7cc ./Core/Src/stm32f1xx_hal_msp.o
 .debug_line    0x000000000000568a      0x7cc ./Core/Src/stm32f1xx_it.o
 .debug_line    0x0000000000005e56      0x646 ./Core/Src/sysmem.o
 .debug_line    0x000000000000649c      0x770 ./Core/Src/system_stm32f1xx.o
 .debug_line    0x0000000000006c0c      0x9c9 ./Core/Src/timer.o
 .debug_line    0x00000000000075d5       0x87 ./Core/Startup/startup_stm32f103rbtx.o
 .debug_line    0x000000000000765c      0x99d ./Drivers/STM32F1xx_HAL_Driver/Src/stm32f1xx_hal.o
 .debug_line    0x0000000000007ff9      0xb85 ./Drivers/STM32F1xx_HAL_Driver/Src/stm32f1xx_hal_cortex.o
 .debug_line    0x0000000000008b7e      0xa34 ./Drivers/STM32F1xx_HAL_Driver/Src/stm32f1xx_hal_gpio.o
 .debug_line    0x00000000000095b2      0xdab ./Drivers/STM32F1xx_HAL_Driver/Src/stm32f1xx_hal_rcc.o
 .debug_line    0x000000000000a35d     0x3353 ./Drivers/STM32F1xx_HAL_Driver/Src/stm32f1xx_hal_tim.o
 .debug_line    0x000000000000d6b0     0x18c5 ./Drivers/STM32F1xx_HAL_Driver/Src/stm32f1xx_hal_tim_ex.o
 .debug_line    0x000000000000ef75     0x1a78 ./Drivers/STM32F1xx_HAL_Driver/Src/stm32f1xx_hal_uart.o

.debug_str      0x0000000000000000    0x8ae5b
 .debug_str     0x0000000000000000    0x8723c ./Core/Src/TrafficLight.o
                                      0x875aa (size before relaxing)
 .debug_str     0x000000000008723c      0x198 ./Core/Src/fsm_automatic.o
                                      0x87553 (size before relaxing)
 .debug_str     0x00000000000873d4       0x71 ./Core/Src/fsm_manual.o
                                      0x874de (size before relaxing)
 .debug_str     0x0000000000087445      0x415 ./Core/Src/global.o
                                      0x878c2 (size before relaxing)
 .debug_str     0x000000000008785a       0xf9 ./Core/Src/input_reading.o
                                      0x83616 (size before relaxing)
 .debug_str     0x0000000000087953      0x6e7 ./Core/Src/main.o
                                      0x87fd5 (size before relaxing)
 .debug_str     0x000000000008803a       0x4d ./Core/Src/pedestrian.o
                                      0x87927 (size before relaxing)
 .debug_str     0x0000000000088087      0x374 ./Core/Src/stm32f1xx_hal_msp.o
                                      0x83efd (size before relaxing)
 .debug_str     0x00000000000883fb       0xec ./Core/Src/stm32f1xx_it.o
                                      0x8395f (size before relaxing)
 .debug_str     0x00000000000884e7      0x4da ./Core/Src/sysmem.o
                                       0x5d4d (size before relaxing)
 .debug_str     0x00000000000889c1       0x7e ./Core/Src/system_stm32f1xx.o
                                      0x832b8 (size before relaxing)
 .debug_str     0x0000000000088a3f      0x122 ./Core/Src/timer.o
                                      0x83584 (size before relaxing)
 .debug_str     0x0000000000088b61       0x36 ./Core/Startup/startup_stm32f103rbtx.o
                                         0x67 (size before relaxing)
 .debug_str     0x0000000000088b97      0x38e ./Drivers/STM32F1xx_HAL_Driver/Src/stm32f1xx_hal.o
                                      0x839eb (size before relaxing)
 .debug_str     0x0000000000088f25      0x294 ./Drivers/STM32F1xx_HAL_Driver/Src/stm32f1xx_hal_cortex.o
                                      0x83937 (size before relaxing)
 .debug_str     0x00000000000891b9      0x2c2 ./Drivers/STM32F1xx_HAL_Driver/Src/stm32f1xx_hal_gpio.o
                                      0x8363e (size before relaxing)
 .debug_str     0x000000000008947b      0x229 ./Drivers/STM32F1xx_HAL_Driver/Src/stm32f1xx_hal_rcc.o
                                      0x836e7 (size before relaxing)
 .debug_str     0x00000000000896a4      0xd38 ./Drivers/STM32F1xx_HAL_Driver/Src/stm32f1xx_hal_tim.o
                                      0x846d2 (size before relaxing)
 .debug_str     0x000000000008a3dc      0x493 ./Drivers/STM32F1xx_HAL_Driver/Src/stm32f1xx_hal_tim_ex.o
                                      0x83eee (size before relaxing)
 .debug_str     0x000000000008a86f      0x5ec ./Drivers/STM32F1xx_HAL_Driver/Src/stm32f1xx_hal_uart.o
                                      0x83cf2 (size before relaxing)

.comment        0x0000000000000000       0x50
 .comment       0x0000000000000000       0x50 ./Core/Src/TrafficLight.o
                                         0x51 (size before relaxing)
 .comment       0x0000000000000050       0x51 ./Core/Src/fsm_automatic.o
 .comment       0x0000000000000050       0x51 ./Core/Src/fsm_manual.o
 .comment       0x0000000000000050       0x51 ./Core/Src/global.o
 .comment       0x0000000000000050       0x51 ./Core/Src/input_reading.o
 .comment       0x0000000000000050       0x51 ./Core/Src/main.o
 .comment       0x0000000000000050       0x51 ./Core/Src/pedestrian.o
 .comment       0x0000000000000050       0x51 ./Core/Src/stm32f1xx_hal_msp.o
 .comment       0x0000000000000050       0x51 ./Core/Src/stm32f1xx_it.o
 .comment       0x0000000000000050       0x51 ./Core/Src/sysmem.o
 .comment       0x0000000000000050       0x51 ./Core/Src/system_stm32f1xx.o
 .comment       0x0000000000000050       0x51 ./Core/Src/timer.o
 .comment       0x0000000000000050       0x51 ./Drivers/STM32F1xx_HAL_Driver/Src/stm32f1xx_hal.o
 .comment       0x0000000000000050       0x51 ./Drivers/STM32F1xx_HAL_Driver/Src/stm32f1xx_hal_cortex.o
 .comment       0x0000000000000050       0x51 ./Drivers/STM32F1xx_HAL_Driver/Src/stm32f1xx_hal_gpio.o
 .comment       0x0000000000000050       0x51 ./Drivers/STM32F1xx_HAL_Driver/Src/stm32f1xx_hal_rcc.o
 .comment       0x0000000000000050       0x51 ./Drivers/STM32F1xx_HAL_Driver/Src/stm32f1xx_hal_tim.o
 .comment       0x0000000000000050       0x51 ./Drivers/STM32F1xx_HAL_Driver/Src/stm32f1xx_hal_tim_ex.o
 .comment       0x0000000000000050       0x51 ./Drivers/STM32F1xx_HAL_Driver/Src/stm32f1xx_hal_uart.o

.debug_frame    0x0000000000000000     0x3a4c
 .debug_frame   0x0000000000000000      0x17c ./Core/Src/TrafficLight.o
 .debug_frame   0x000000000000017c       0x48 ./Core/Src/fsm_automatic.o
 .debug_frame   0x00000000000001c4       0x2c ./Core/Src/fsm_manual.o
 .debug_frame   0x00000000000001f0       0x58 ./Core/Src/global.o
 .debug_frame   0x0000000000000248       0xb0 ./Core/Src/input_reading.o
 .debug_frame   0x00000000000002f8      0x138 ./Core/Src/main.o
 .debug_frame   0x0000000000000430       0x2c ./Core/Src/pedestrian.o
 .debug_frame   0x000000000000045c       0xec ./Core/Src/stm32f1xx_hal_msp.o
 .debug_frame   0x0000000000000548      0x120 ./Core/Src/stm32f1xx_it.o
 .debug_frame   0x0000000000000668       0x34 ./Core/Src/sysmem.o
 .debug_frame   0x000000000000069c       0x58 ./Core/Src/system_stm32f1xx.o
 .debug_frame   0x00000000000006f4      0x308 ./Core/Src/timer.o
 .debug_frame   0x00000000000009fc      0x334 ./Drivers/STM32F1xx_HAL_Driver/Src/stm32f1xx_hal.o
 .debug_frame   0x0000000000000d30      0x428 ./Drivers/STM32F1xx_HAL_Driver/Src/stm32f1xx_hal_cortex.o
 .debug_frame   0x0000000000001158      0x14c ./Drivers/STM32F1xx_HAL_Driver/Src/stm32f1xx_hal_gpio.o
 .debug_frame   0x00000000000012a4      0x21c ./Drivers/STM32F1xx_HAL_Driver/Src/stm32f1xx_hal_rcc.o
 .debug_frame   0x00000000000014c0     0x11b8 ./Drivers/STM32F1xx_HAL_Driver/Src/stm32f1xx_hal_tim.o
 .debug_frame   0x0000000000002678      0x638 ./Drivers/STM32F1xx_HAL_Driver/Src/stm32f1xx_hal_tim_ex.o
 .debug_frame   0x0000000000002cb0      0x914 ./Drivers/STM32F1xx_HAL_Driver/Src/stm32f1xx_hal_uart.o
 .debug_frame   0x00000000000035c4       0x20 d:/subjects/mcu document/stm32cubeide_1.7.0/stm32cubeide/plugins/com.st.stm32cube.ide.mcu.externaltools.gnu-tools-for-stm32.10.3-2021.10.win32_1.0.100.202210260954/tools/bin/../lib/gcc/arm-none-eabi/10.3.1/../../../../arm-none-eabi/lib/thumb/v7-m/nofp\libc_nano.a(lib_a-errno.o)
 .debug_frame   0x00000000000035e4       0x2c d:/subjects/mcu document/stm32cubeide_1.7.0/stm32cubeide/plugins/com.st.stm32cube.ide.mcu.externaltools.gnu-tools-for-stm32.10.3-2021.10.win32_1.0.100.202210260954/tools/bin/../lib/gcc/arm-none-eabi/10.3.1/../../../../arm-none-eabi/lib/thumb/v7-m/nofp\libc_nano.a(lib_a-init.o)
 .debug_frame   0x0000000000003610       0x20 d:/subjects/mcu document/stm32cubeide_1.7.0/stm32cubeide/plugins/com.st.stm32cube.ide.mcu.externaltools.gnu-tools-for-stm32.10.3-2021.10.win32_1.0.100.202210260954/tools/bin/../lib/gcc/arm-none-eabi/10.3.1/../../../../arm-none-eabi/lib/thumb/v7-m/nofp\libc_nano.a(lib_a-memset.o)
 .debug_frame   0x0000000000003630       0x6c d:/subjects/mcu document/stm32cubeide_1.7.0/stm32cubeide/plugins/com.st.stm32cube.ide.mcu.externaltools.gnu-tools-for-stm32.10.3-2021.10.win32_1.0.100.202210260954/tools/bin/../lib/gcc/arm-none-eabi/10.3.1/../../../../arm-none-eabi/lib/thumb/v7-m/nofp\libc_nano.a(lib_a-sprintf.o)
 .debug_frame   0x000000000000369c       0x90 d:/subjects/mcu document/stm32cubeide_1.7.0/stm32cubeide/plugins/com.st.stm32cube.ide.mcu.externaltools.gnu-tools-for-stm32.10.3-2021.10.win32_1.0.100.202210260954/tools/bin/../lib/gcc/arm-none-eabi/10.3.1/../../../../arm-none-eabi/lib/thumb/v7-m/nofp\libc_nano.a(lib_a-nano-svfprintf.o)
 .debug_frame   0x000000000000372c       0x60 d:/subjects/mcu document/stm32cubeide_1.7.0/stm32cubeide/plugins/com.st.stm32cube.ide.mcu.externaltools.gnu-tools-for-stm32.10.3-2021.10.win32_1.0.100.202210260954/tools/bin/../lib/gcc/arm-none-eabi/10.3.1/../../../../arm-none-eabi/lib/thumb/v7-m/nofp\libc_nano.a(lib_a-nano-vfprintf_i.o)
 .debug_frame   0x000000000000378c       0x28 d:/subjects/mcu document/stm32cubeide_1.7.0/stm32cubeide/plugins/com.st.stm32cube.ide.mcu.externaltools.gnu-tools-for-stm32.10.3-2021.10.win32_1.0.100.202210260954/tools/bin/../lib/gcc/arm-none-eabi/10.3.1/../../../../arm-none-eabi/lib/thumb/v7-m/nofp\libc_nano.a(lib_a-memchr-stub.o)
 .debug_frame   0x00000000000037b4       0x28 d:/subjects/mcu document/stm32cubeide_1.7.0/stm32cubeide/plugins/com.st.stm32cube.ide.mcu.externaltools.gnu-tools-for-stm32.10.3-2021.10.win32_1.0.100.202210260954/tools/bin/../lib/gcc/arm-none-eabi/10.3.1/../../../../arm-none-eabi/lib/thumb/v7-m/nofp\libc_nano.a(lib_a-memcpy-stub.o)
 .debug_frame   0x00000000000037dc       0x28 d:/subjects/mcu document/stm32cubeide_1.7.0/stm32cubeide/plugins/com.st.stm32cube.ide.mcu.externaltools.gnu-tools-for-stm32.10.3-2021.10.win32_1.0.100.202210260954/tools/bin/../lib/gcc/arm-none-eabi/10.3.1/../../../../arm-none-eabi/lib/thumb/v7-m/nofp\libc_nano.a(lib_a-memmove.o)
 .debug_frame   0x0000000000003804       0x38 d:/subjects/mcu document/stm32cubeide_1.7.0/stm32cubeide/plugins/com.st.stm32cube.ide.mcu.externaltools.gnu-tools-for-stm32.10.3-2021.10.win32_1.0.100.202210260954/tools/bin/../lib/gcc/arm-none-eabi/10.3.1/../../../../arm-none-eabi/lib/thumb/v7-m/nofp\libc_nano.a(lib_a-nano-freer.o)
 .debug_frame   0x000000000000383c       0x4c d:/subjects/mcu document/stm32cubeide_1.7.0/stm32cubeide/plugins/com.st.stm32cube.ide.mcu.externaltools.gnu-tools-for-stm32.10.3-2021.10.win32_1.0.100.202210260954/tools/bin/../lib/gcc/arm-none-eabi/10.3.1/../../../../arm-none-eabi/lib/thumb/v7-m/nofp\libc_nano.a(lib_a-nano-mallocr.o)
 .debug_frame   0x0000000000003888       0x3c d:/subjects/mcu document/stm32cubeide_1.7.0/stm32cubeide/plugins/com.st.stm32cube.ide.mcu.externaltools.gnu-tools-for-stm32.10.3-2021.10.win32_1.0.100.202210260954/tools/bin/../lib/gcc/arm-none-eabi/10.3.1/../../../../arm-none-eabi/lib/thumb/v7-m/nofp\libc_nano.a(lib_a-nano-reallocr.o)
 .debug_frame   0x00000000000038c4       0x2c d:/subjects/mcu document/stm32cubeide_1.7.0/stm32cubeide/plugins/com.st.stm32cube.ide.mcu.externaltools.gnu-tools-for-stm32.10.3-2021.10.win32_1.0.100.202210260954/tools/bin/../lib/gcc/arm-none-eabi/10.3.1/../../../../arm-none-eabi/lib/thumb/v7-m/nofp\libc_nano.a(lib_a-sbrkr.o)
 .debug_frame   0x00000000000038f0       0x30 d:/subjects/mcu document/stm32cubeide_1.7.0/stm32cubeide/plugins/com.st.stm32cube.ide.mcu.externaltools.gnu-tools-for-stm32.10.3-2021.10.win32_1.0.100.202210260954/tools/bin/../lib/gcc/arm-none-eabi/10.3.1/../../../../arm-none-eabi/lib/thumb/v7-m/nofp\libc_nano.a(lib_a-mlock.o)
 .debug_frame   0x0000000000003920       0x20 d:/subjects/mcu document/stm32cubeide_1.7.0/stm32cubeide/plugins/com.st.stm32cube.ide.mcu.externaltools.gnu-tools-for-stm32.10.3-2021.10.win32_1.0.100.202210260954/tools/bin/../lib/gcc/arm-none-eabi/10.3.1/../../../../arm-none-eabi/lib/thumb/v7-m/nofp\libc_nano.a(lib_a-nano-msizer.o)
 .debug_frame   0x0000000000003940       0x5c d:/subjects/mcu document/stm32cubeide_1.7.0/stm32cubeide/plugins/com.st.stm32cube.ide.mcu.externaltools.gnu-tools-for-stm32.10.3-2021.10.win32_1.0.100.202210260954/tools/bin/../lib/gcc/arm-none-eabi/10.3.1/../../../../arm-none-eabi/lib/thumb/v7-m/nofp\libc_nano.a(lib_a-reent.o)
 .debug_frame   0x000000000000399c       0xb0 d:/subjects/mcu document/stm32cubeide_1.7.0/stm32cubeide/plugins/com.st.stm32cube.ide.mcu.externaltools.gnu-tools-for-stm32.10.3-2021.10.win32_1.0.100.202210260954/tools/bin/../lib/gcc/arm-none-eabi/10.3.1/../../../../arm-none-eabi/lib/thumb/v7-m/nofp\libc_nano.a(lib_a-lock.o)
