../Core/Src/TrafficLight.c:23:6:setGreenLed1	8	static
../Core/Src/TrafficLight.c:28:6:setYellowLed1	8	static
../Core/Src/TrafficLight.c:33:6:setRedLed1	8	static
../Core/Src/TrafficLight.c:38:6:setGreenLed2	8	static
../Core/Src/TrafficLight.c:43:6:setYellowLed2	8	static
../Core/Src/TrafficLight.c:48:6:setRedLed2	8	static
../Core/Src/TrafficLight.c:53:6:clearAllLed	8	static
../Core/Src/TrafficLight.c:60:6:toggleRed1	8	static
../Core/Src/TrafficLight.c:68:6:toggleYellow1	8	static
../Core/Src/TrafficLight.c:76:6:toggleGreen1	8	static
../Core/Src/TrafficLight.c:85:6:toggleRed2	8	static
../Core/Src/TrafficLight.c:93:6:toggleYellow2	8	static
../Core/Src/TrafficLight.c:101:6:toggleGreen2	8	static
