10:34:02 **** Incremental Build of configuration Debug for project BTL ****
make -j8 all 
arm-none-eabi-gcc "../Core/Src/pedestrian.c" -mcpu=cortex-m3 -std=gnu11 -g3 -DDEBUG -DUSE_HAL_DRIVER -DSTM32F103xB -c -I../Core/Inc -I../Drivers/STM32F1xx_HAL_Driver/Inc -I../Drivers/STM32F1xx_HAL_Driver/Inc/Legacy -I../Drivers/CMSIS/Device/ST/STM32F1xx/Include -I../Drivers/CMSIS/Include -O0 -ffunction-sections -fdata-sections -Wall -fstack-usage -MMD -MP -MF"Core/Src/pedestrian.d" -MT"Core/Src/pedestrian.o" --specs=nano.specs -mfloat-abi=soft -mthumb -o "Core/Src/pedestrian.o"
arm-none-eabi-gcc -o "BTL.elf" @"objects.list"   -mcpu=cortex-m3 -T"D:\Subjects\MCU Document\Assigment\BTL\BTL\STM32F103RBTX_FLASH.ld" --specs=nosys.specs -Wl,-Map="BTL.map" -Wl,--gc-sections -static --specs=nano.specs -mfloat-abi=soft -mthumb -Wl,--start-group -lc -lm -Wl,--end-group
Finished building target: BTL.elf
 
arm-none-eabi-size   BTL.elf 
arm-none-eabi-objdump -h -S  BTL.elf  > "BTL.list"
   text	   data	    bss	    dec	    hex	filename
  19088	    176	   1928	  21192	   52c8	BTL.elf
Finished building: default.size.stdout
 
Finished building: BTL.list
 

10:34:03 Build Finished. 0 errors, 0 warnings. (took 671ms)

