08:56:12 **** Incremental Build of configuration Debug for project BTL ****
make -j8 all 
arm-none-eabi-gcc "../Core/Src/fsm_manual.c" -mcpu=cortex-m3 -std=gnu11 -g3 -DDEBUG -DUSE_HAL_DRIVER -DSTM32F103xB -c -I../Core/Inc -I../Drivers/STM32F1xx_HAL_Driver/Inc -I../Drivers/STM32F1xx_HAL_Driver/Inc/Legacy -I../Drivers/CMSIS/Device/ST/STM32F1xx/Include -I../Drivers/CMSIS/Include -O0 -ffunction-sections -fdata-sections -Wall -fstack-usage -MMD -MP -MF"Core/Src/fsm_manual.d" -MT"Core/Src/fsm_manual.o" --specs=nano.specs -mfloat-abi=soft -mthumb -o "Core/Src/fsm_manual.o"
arm-none-eabi-gcc -o "BTL.elf" @"objects.list"   -mcpu=cortex-m3 -T"D:\Subjects\MCU Document\Assigment\BTL\BTL\STM32F103RBTX_FLASH.ld" --specs=nosys.specs -Wl,-Map="BTL.map" -Wl,--gc-sections -static --specs=nano.specs -mfloat-abi=soft -mthumb -Wl,--start-group -lc -lm -Wl,--end-group
Finished building target: BTL.elf
 
arm-none-eabi-size   BTL.elf 
arm-none-eabi-objdump -h -S  BTL.elf  > "BTL.list"
arm-none-eabi-objcopy  -O ihex  BTL.elf  "BTL.hex"
   text	   data	    bss	    dec	    hex	filename
  18040	    164	   1932	  20136	   4ea8	BTL.elf
Finished building: default.size.stdout
 
Finished building: BTL.hex
 
Finished building: BTL.list
 

08:56:13 Build Finished. 0 errors, 0 warnings. (took 1s.4ms)

